

================================================================
== Vitis HLS Report for 'dense_array_ap_ufixed_12u_array_ap_fixed_16_6_5_3_0_1u_config10_s'
================================================================
* Date:           Wed Aug 14 11:42:37 2024

* Version:        2023.1 (Build 3854077 on May  4 2023)
* Project:        myproject_prj
* Solution:       solution1 (Vivado IP Flow Target)
* Product family: virtexuplus
* Target device:  xcvu13p-flga2577-2-e


================================================================
== Performance Estimates
================================================================
+ Timing: 
    * Summary: 
    +--------+---------+----------+------------+
    |  Clock |  Target | Estimated| Uncertainty|
    +--------+---------+----------+------------+
    |ap_clk  |  5.00 ns|  3.694 ns|     0.62 ns|
    +--------+---------+----------+------------+

+ Latency: 
    * Summary: 
    +---------+---------+-----------+-----------+-----+-----+------------------------------------------+
    |  Latency (cycles) |   Latency (absolute)  |  Interval |                 Pipeline                 |
    |   min   |   max   |    min    |    max    | min | max |                   Type                   |
    +---------+---------+-----------+-----------+-----+-----+------------------------------------------+
    |       14|       15|  70.000 ns|  75.000 ns|   12|   12|  loop rewind stp(delay=0 clock cycles(s))|
    +---------+---------+-----------+-----------+-----+-----+------------------------------------------+

    + Detail: 
        * Instance: 
        N/A

        * Loop: 
        +-------------+---------+---------+----------+-----------+-----------+------+----------+
        |             |  Latency (cycles) | Iteration|  Initiation Interval  | Trip |          |
        |  Loop Name  |   min   |   max   |  Latency |  achieved |   target  | Count| Pipelined|
        +-------------+---------+---------+----------+-----------+-----------+------+----------+
        |- ReuseLoop  |       14|       14|         4|          1|          1|    12|       yes|
        +-------------+---------+---------+----------+-----------+-----------+------+----------+

============================================================
+ Verbose Summary: Synthesis Manager
============================================================
InlineROM: 1
ExposeGlobal: 0
============================================================
+ Verbose Summary: CDFG Model
============================================================
IsTopModel: 0
ResetActiveHigh: 1
IsCombinational: 2
IsDatapathOnly: 0
HasWiredReturn: 1
HasMFsm: 2
HasVarLatency: 1
IsPipeline: 0
IsRtlPipelined: 0
IsInstanceOverlapped: 0
IsDontTouch: 0
HasImplIP: 0
IsGatedGlobalClock: 0

+ Individual pipeline summary: 
  * Pipeline-0: initiation interval (II) = 1, depth = 4


============================================================
+ Verbose Summary: Schedule
============================================================
* Number of FSM states : 5
* Pipeline : 1
  Pipeline-0 : II = 1, D = 4, States = { 2 3 4 5 }
* Dataflow Pipeline: 0

* FSM state transitions: 
1 --> 2 
2 --> 3 
3 --> 4 
4 --> 5 
5 --> 2 

* FSM state operations: 

State 1 <SV = 0> <Delay = 0.38>
ST_1 : Operation 6 [1/1] (0.00ns)   --->   "%specinterface_ln0 = specinterface void @_ssdm_op_SpecInterface, i180 %layer9_out, void @empty_2, i32 0, i32 0, void @empty_1, i32 0, i32 0, void @empty_1, void @empty_1, void @empty_1, i32 0, i32 0, i32 0, i32 0, void @empty_1, void @empty_1, i32 4294967295, i32 0"   --->   Operation 6 'specinterface' 'specinterface_ln0' <Predicate = true> <Delay = 0.00>
ST_1 : Operation 7 [1/1] (0.00ns)   --->   "%specinterface_ln0 = specinterface void @_ssdm_op_SpecInterface, i16 %layer10_out, void @empty_0, i32 1, i32 1, void @empty, i32 0, i32 0, void @empty_1, void @empty_1, void @empty_1, i32 0, i32 0, i32 0, i32 0, void @empty_1, void @empty_1, i32 4294967295, i32 0"   --->   Operation 7 'specinterface' 'specinterface_ln0' <Predicate = true> <Delay = 0.00>
ST_1 : Operation 8 [1/1] (0.00ns)   --->   "%rbegin = specregionbegin i32 @_ssdm_op_SpecRegionBegin, void @nnet_KD_KD_dense_resource_MD_ap_ufixed_MD_15_MC_AC_0_MC_AC_IC_ap_q_mode_JC_4_1" [firmware/nnet_utils/nnet_dense_stream.h:24->firmware/nnet_utils/nnet_dense_stream.h:97]   --->   Operation 8 'specregionbegin' 'rbegin' <Predicate = true> <Delay = 0.00>
ST_1 : Operation 9 [1/1] (0.38ns)   --->   "%br_ln42 = br void %rewind_header" [firmware/nnet_utils/nnet_dense_resource.h:42->firmware/nnet_utils/nnet_dense_resource.h:240->firmware/nnet_utils/nnet_dense_stream.h:24->firmware/nnet_utils/nnet_dense_stream.h:97]   --->   Operation 9 'br' 'br_ln42' <Predicate = true> <Delay = 0.38>

State 2 <SV = 1> <Delay = 0.70>
ST_2 : Operation 10 [1/1] (0.00ns)   --->   "%do_init = phi i1 1, void %nnet::dense_resource<ap_ufixed<15, 0, (ap_q_mode)4, (ap_o_mode)0, 0>, ap_fixed<16, 6, (ap_q_mode)5, (ap_o_mode)3, 0>, config10>.region_begin, i1 0, void %for.body13.split.i.i, i1 1, void %nnet::dense_resource<ap_ufixed<15, 0, (ap_q_mode)4, (ap_o_mode)0, 0>, ap_fixed<16, 6, (ap_q_mode)5, (ap_o_mode)3, 0>, config10>.region_end"   --->   Operation 10 'phi' 'do_init' <Predicate = true> <Delay = 0.00>
ST_2 : Operation 11 [1/1] (0.00ns)   --->   "%in_index3 = phi i4 0, void %nnet::dense_resource<ap_ufixed<15, 0, (ap_q_mode)4, (ap_o_mode)0, 0>, ap_fixed<16, 6, (ap_q_mode)5, (ap_o_mode)3, 0>, config10>.region_begin, i4 %in_index, void %for.body13.split.i.i, i4 0, void %nnet::dense_resource<ap_ufixed<15, 0, (ap_q_mode)4, (ap_o_mode)0, 0>, ap_fixed<16, 6, (ap_q_mode)5, (ap_o_mode)3, 0>, config10>.region_end"   --->   Operation 11 'phi' 'in_index3' <Predicate = true> <Delay = 0.00>
ST_2 : Operation 12 [1/1] (0.70ns)   --->   "%in_index = add i4 %in_index3, i4 1" [firmware/nnet_utils/nnet_dense_resource.h:42->firmware/nnet_utils/nnet_dense_resource.h:240->firmware/nnet_utils/nnet_dense_stream.h:24->firmware/nnet_utils/nnet_dense_stream.h:97]   --->   Operation 12 'add' 'in_index' <Predicate = true> <Delay = 0.70> <CoreInst = "Adder">   --->   Core 1 'Adder' <Latency = 0> <II = 1> <Delay = 0.70> <FuncUnit> <Opcode : 'add' 'sub'> <InPorts = 2> <OutPorts = 1>
ST_2 : Operation 13 [1/1] (0.70ns)   --->   "%icmp_ln42 = icmp_eq  i4 %in_index3, i4 11" [firmware/nnet_utils/nnet_dense_resource.h:42->firmware/nnet_utils/nnet_dense_resource.h:240->firmware/nnet_utils/nnet_dense_stream.h:24->firmware/nnet_utils/nnet_dense_stream.h:97]   --->   Operation 13 'icmp' 'icmp_ln42' <Predicate = true> <Delay = 0.70> <CoreInst = "Cmp">   --->   Core 9 'Cmp' <Latency = 0> <II = 1> <Delay = 0.70> <FuncUnit> <Opcode : 'icmp'> <InPorts = 2> <OutPorts = 1>
ST_2 : Operation 14 [1/1] (0.00ns)   --->   "%br_ln42 = br i1 %icmp_ln42, void %rewind_header, void %nnet::dense_resource<ap_ufixed<15, 0, (ap_q_mode)4, (ap_o_mode)0, 0>, ap_fixed<16, 6, (ap_q_mode)5, (ap_o_mode)3, 0>, config10>.region_end" [firmware/nnet_utils/nnet_dense_resource.h:42->firmware/nnet_utils/nnet_dense_resource.h:240->firmware/nnet_utils/nnet_dense_stream.h:24->firmware/nnet_utils/nnet_dense_stream.h:97]   --->   Operation 14 'br' 'br_ln42' <Predicate = true> <Delay = 0.00>
ST_2 : Operation 15 [1/1] (0.00ns)   --->   "%br_ln101 = br void %rewind_header" [firmware/nnet_utils/nnet_dense_stream.h:101]   --->   Operation 15 'br' 'br_ln101' <Predicate = (icmp_ln42)> <Delay = 0.00>

State 3 <SV = 2> <Delay = 1.42>
ST_3 : Operation 16 [1/1] (1.42ns)   --->   "%layer9_out_read = read i180 @_ssdm_op_Read.ap_fifo.volatile.i180P0A, i180 %layer9_out" [firmware/nnet_utils/nnet_dense_stream.h:43->firmware/nnet_utils/nnet_dense_stream.h:93]   --->   Operation 16 'read' 'layer9_out_read' <Predicate = (do_init)> <Delay = 1.42> <CoreInst = "FIFO_SRL">   --->   Core 81 'FIFO_SRL' <Latency = 0> <II = 1> <Delay = 1.42> <Storage> <Opcode : 'read' 'write' 'nbread' 'nbwrite'> <Ports = 0> <Width = 180> <Depth = 1> <FIFO>
ST_3 : Operation 17 [1/1] (0.00ns)   --->   "%data = trunc i180 %layer9_out_read" [firmware/nnet_utils/nnet_dense_stream.h:43->firmware/nnet_utils/nnet_dense_stream.h:93]   --->   Operation 17 'trunc' 'data' <Predicate = (do_init)> <Delay = 0.00>
ST_3 : Operation 18 [1/1] (0.00ns)   --->   "%data_37 = partselect i15 @_ssdm_op_PartSelect.i15.i180.i32.i32, i180 %layer9_out_read, i32 150, i32 164" [firmware/nnet_utils/nnet_dense_stream.h:43->firmware/nnet_utils/nnet_dense_stream.h:93]   --->   Operation 18 'partselect' 'data_37' <Predicate = (do_init)> <Delay = 0.00>
ST_3 : Operation 19 [1/1] (0.00ns)   --->   "%data_3 = partselect i15 @_ssdm_op_PartSelect.i15.i180.i32.i32, i180 %layer9_out_read, i32 165, i32 179" [firmware/nnet_utils/nnet_dense_stream.h:43->firmware/nnet_utils/nnet_dense_stream.h:93]   --->   Operation 19 'partselect' 'data_3' <Predicate = (do_init)> <Delay = 0.00>
ST_3 : Operation 20 [1/1] (0.00ns)   --->   "%data_38 = partselect i15 @_ssdm_op_PartSelect.i15.i180.i32.i32, i180 %layer9_out_read, i32 15, i32 29" [firmware/nnet_utils/nnet_dense_stream.h:43->firmware/nnet_utils/nnet_dense_stream.h:93]   --->   Operation 20 'partselect' 'data_38' <Predicate = (do_init)> <Delay = 0.00>
ST_3 : Operation 21 [1/1] (0.00ns)   --->   "%data_39 = partselect i15 @_ssdm_op_PartSelect.i15.i180.i32.i32, i180 %layer9_out_read, i32 30, i32 44" [firmware/nnet_utils/nnet_dense_stream.h:43->firmware/nnet_utils/nnet_dense_stream.h:93]   --->   Operation 21 'partselect' 'data_39' <Predicate = (do_init)> <Delay = 0.00>
ST_3 : Operation 22 [1/1] (0.00ns)   --->   "%data_40 = partselect i15 @_ssdm_op_PartSelect.i15.i180.i32.i32, i180 %layer9_out_read, i32 45, i32 59" [firmware/nnet_utils/nnet_dense_stream.h:43->firmware/nnet_utils/nnet_dense_stream.h:93]   --->   Operation 22 'partselect' 'data_40' <Predicate = (do_init)> <Delay = 0.00>
ST_3 : Operation 23 [1/1] (0.00ns)   --->   "%data_41 = partselect i15 @_ssdm_op_PartSelect.i15.i180.i32.i32, i180 %layer9_out_read, i32 60, i32 74" [firmware/nnet_utils/nnet_dense_stream.h:43->firmware/nnet_utils/nnet_dense_stream.h:93]   --->   Operation 23 'partselect' 'data_41' <Predicate = (do_init)> <Delay = 0.00>
ST_3 : Operation 24 [1/1] (0.00ns)   --->   "%data_42 = partselect i15 @_ssdm_op_PartSelect.i15.i180.i32.i32, i180 %layer9_out_read, i32 75, i32 89" [firmware/nnet_utils/nnet_dense_stream.h:43->firmware/nnet_utils/nnet_dense_stream.h:93]   --->   Operation 24 'partselect' 'data_42' <Predicate = (do_init)> <Delay = 0.00>
ST_3 : Operation 25 [1/1] (0.00ns)   --->   "%data_43 = partselect i15 @_ssdm_op_PartSelect.i15.i180.i32.i32, i180 %layer9_out_read, i32 90, i32 104" [firmware/nnet_utils/nnet_dense_stream.h:43->firmware/nnet_utils/nnet_dense_stream.h:93]   --->   Operation 25 'partselect' 'data_43' <Predicate = (do_init)> <Delay = 0.00>
ST_3 : Operation 26 [1/1] (0.00ns)   --->   "%data_44 = partselect i15 @_ssdm_op_PartSelect.i15.i180.i32.i32, i180 %layer9_out_read, i32 105, i32 119" [firmware/nnet_utils/nnet_dense_stream.h:43->firmware/nnet_utils/nnet_dense_stream.h:93]   --->   Operation 26 'partselect' 'data_44' <Predicate = (do_init)> <Delay = 0.00>
ST_3 : Operation 27 [1/1] (0.00ns)   --->   "%data_45 = partselect i15 @_ssdm_op_PartSelect.i15.i180.i32.i32, i180 %layer9_out_read, i32 120, i32 134" [firmware/nnet_utils/nnet_dense_stream.h:43->firmware/nnet_utils/nnet_dense_stream.h:93]   --->   Operation 27 'partselect' 'data_45' <Predicate = (do_init)> <Delay = 0.00>
ST_3 : Operation 28 [1/1] (0.00ns)   --->   "%data_4 = partselect i15 @_ssdm_op_PartSelect.i15.i180.i32.i32, i180 %layer9_out_read, i32 135, i32 149" [firmware/nnet_utils/nnet_dense_stream.h:43->firmware/nnet_utils/nnet_dense_stream.h:93]   --->   Operation 28 'partselect' 'data_4' <Predicate = (do_init)> <Delay = 0.00>
ST_3 : Operation 29 [1/1] (0.38ns)   --->   "%br_ln42 = br void %for.body13.split.i.i" [firmware/nnet_utils/nnet_dense_resource.h:42->firmware/nnet_utils/nnet_dense_resource.h:240->firmware/nnet_utils/nnet_dense_stream.h:24->firmware/nnet_utils/nnet_dense_stream.h:97]   --->   Operation 29 'br' 'br_ln42' <Predicate = (do_init)> <Delay = 0.38>
ST_3 : Operation 30 [1/1] (0.00ns)   --->   "%zext_ln42 = zext i4 %in_index3" [firmware/nnet_utils/nnet_dense_resource.h:42->firmware/nnet_utils/nnet_dense_resource.h:240->firmware/nnet_utils/nnet_dense_stream.h:24->firmware/nnet_utils/nnet_dense_stream.h:97]   --->   Operation 30 'zext' 'zext_ln42' <Predicate = true> <Delay = 0.00>
ST_3 : Operation 31 [1/1] (0.00ns)   --->   "%w10_addr = getelementptr i9 %w10, i64 0, i64 %zext_ln42" [firmware/nnet_utils/nnet_dense_resource.h:55->firmware/nnet_utils/nnet_dense_resource.h:240->firmware/nnet_utils/nnet_dense_stream.h:24->firmware/nnet_utils/nnet_dense_stream.h:97]   --->   Operation 31 'getelementptr' 'w10_addr' <Predicate = true> <Delay = 0.00>
ST_3 : Operation 32 [2/2] (0.68ns)   --->   "%w = load i4 %w10_addr" [firmware/nnet_utils/nnet_dense_resource.h:55->firmware/nnet_utils/nnet_dense_resource.h:240->firmware/nnet_utils/nnet_dense_stream.h:24->firmware/nnet_utils/nnet_dense_stream.h:97]   --->   Operation 32 'load' 'w' <Predicate = true> <Delay = 0.68> <CoreInst = "ROM">   --->   Core 101 'ROM' <Latency = 1> <II = 1> <Delay = 0.68> <Storage> <Opcode : 'load'> <Ports = 0> <Width = 9> <Depth = 12> <ROM>

State 4 <SV = 3> <Delay = 3.69>
ST_4 : Operation 33 [1/1] (0.00ns)   --->   "%data_4_rewind = phi i15 0, void %nnet::dense_resource<ap_ufixed<15, 0, (ap_q_mode)4, (ap_o_mode)0, 0>, ap_fixed<16, 6, (ap_q_mode)5, (ap_o_mode)3, 0>, config10>.region_begin, i15 %data_4_phi, void %for.body13.split.i.i, i15 0, void %nnet::dense_resource<ap_ufixed<15, 0, (ap_q_mode)4, (ap_o_mode)0, 0>, ap_fixed<16, 6, (ap_q_mode)5, (ap_o_mode)3, 0>, config10>.region_end" [firmware/nnet_utils/nnet_dense_stream.h:43->firmware/nnet_utils/nnet_dense_stream.h:93]   --->   Operation 33 'phi' 'data_4_rewind' <Predicate = true> <Delay = 0.00>
ST_4 : Operation 34 [1/1] (0.00ns)   --->   "%data_31_rewind = phi i15 0, void %nnet::dense_resource<ap_ufixed<15, 0, (ap_q_mode)4, (ap_o_mode)0, 0>, ap_fixed<16, 6, (ap_q_mode)5, (ap_o_mode)3, 0>, config10>.region_begin, i15 %data_31_phi, void %for.body13.split.i.i, i15 0, void %nnet::dense_resource<ap_ufixed<15, 0, (ap_q_mode)4, (ap_o_mode)0, 0>, ap_fixed<16, 6, (ap_q_mode)5, (ap_o_mode)3, 0>, config10>.region_end" [firmware/nnet_utils/nnet_dense_stream.h:43->firmware/nnet_utils/nnet_dense_stream.h:93]   --->   Operation 34 'phi' 'data_31_rewind' <Predicate = true> <Delay = 0.00>
ST_4 : Operation 35 [1/1] (0.00ns)   --->   "%data_30_rewind = phi i15 0, void %nnet::dense_resource<ap_ufixed<15, 0, (ap_q_mode)4, (ap_o_mode)0, 0>, ap_fixed<16, 6, (ap_q_mode)5, (ap_o_mode)3, 0>, config10>.region_begin, i15 %data_30_phi, void %for.body13.split.i.i, i15 0, void %nnet::dense_resource<ap_ufixed<15, 0, (ap_q_mode)4, (ap_o_mode)0, 0>, ap_fixed<16, 6, (ap_q_mode)5, (ap_o_mode)3, 0>, config10>.region_end" [firmware/nnet_utils/nnet_dense_stream.h:43->firmware/nnet_utils/nnet_dense_stream.h:93]   --->   Operation 35 'phi' 'data_30_rewind' <Predicate = true> <Delay = 0.00>
ST_4 : Operation 36 [1/1] (0.00ns)   --->   "%data_29_rewind = phi i15 0, void %nnet::dense_resource<ap_ufixed<15, 0, (ap_q_mode)4, (ap_o_mode)0, 0>, ap_fixed<16, 6, (ap_q_mode)5, (ap_o_mode)3, 0>, config10>.region_begin, i15 %data_29_phi, void %for.body13.split.i.i, i15 0, void %nnet::dense_resource<ap_ufixed<15, 0, (ap_q_mode)4, (ap_o_mode)0, 0>, ap_fixed<16, 6, (ap_q_mode)5, (ap_o_mode)3, 0>, config10>.region_end" [firmware/nnet_utils/nnet_dense_stream.h:43->firmware/nnet_utils/nnet_dense_stream.h:93]   --->   Operation 36 'phi' 'data_29_rewind' <Predicate = true> <Delay = 0.00>
ST_4 : Operation 37 [1/1] (0.00ns)   --->   "%data_28_rewind = phi i15 0, void %nnet::dense_resource<ap_ufixed<15, 0, (ap_q_mode)4, (ap_o_mode)0, 0>, ap_fixed<16, 6, (ap_q_mode)5, (ap_o_mode)3, 0>, config10>.region_begin, i15 %data_28_phi, void %for.body13.split.i.i, i15 0, void %nnet::dense_resource<ap_ufixed<15, 0, (ap_q_mode)4, (ap_o_mode)0, 0>, ap_fixed<16, 6, (ap_q_mode)5, (ap_o_mode)3, 0>, config10>.region_end" [firmware/nnet_utils/nnet_dense_stream.h:43->firmware/nnet_utils/nnet_dense_stream.h:93]   --->   Operation 37 'phi' 'data_28_rewind' <Predicate = true> <Delay = 0.00>
ST_4 : Operation 38 [1/1] (0.00ns)   --->   "%data_27_rewind = phi i15 0, void %nnet::dense_resource<ap_ufixed<15, 0, (ap_q_mode)4, (ap_o_mode)0, 0>, ap_fixed<16, 6, (ap_q_mode)5, (ap_o_mode)3, 0>, config10>.region_begin, i15 %data_27_phi, void %for.body13.split.i.i, i15 0, void %nnet::dense_resource<ap_ufixed<15, 0, (ap_q_mode)4, (ap_o_mode)0, 0>, ap_fixed<16, 6, (ap_q_mode)5, (ap_o_mode)3, 0>, config10>.region_end" [firmware/nnet_utils/nnet_dense_stream.h:43->firmware/nnet_utils/nnet_dense_stream.h:93]   --->   Operation 38 'phi' 'data_27_rewind' <Predicate = true> <Delay = 0.00>
ST_4 : Operation 39 [1/1] (0.00ns)   --->   "%data_26_rewind = phi i15 0, void %nnet::dense_resource<ap_ufixed<15, 0, (ap_q_mode)4, (ap_o_mode)0, 0>, ap_fixed<16, 6, (ap_q_mode)5, (ap_o_mode)3, 0>, config10>.region_begin, i15 %data_26_phi, void %for.body13.split.i.i, i15 0, void %nnet::dense_resource<ap_ufixed<15, 0, (ap_q_mode)4, (ap_o_mode)0, 0>, ap_fixed<16, 6, (ap_q_mode)5, (ap_o_mode)3, 0>, config10>.region_end" [firmware/nnet_utils/nnet_dense_stream.h:43->firmware/nnet_utils/nnet_dense_stream.h:93]   --->   Operation 39 'phi' 'data_26_rewind' <Predicate = true> <Delay = 0.00>
ST_4 : Operation 40 [1/1] (0.00ns)   --->   "%data_25_rewind = phi i15 0, void %nnet::dense_resource<ap_ufixed<15, 0, (ap_q_mode)4, (ap_o_mode)0, 0>, ap_fixed<16, 6, (ap_q_mode)5, (ap_o_mode)3, 0>, config10>.region_begin, i15 %data_25_phi, void %for.body13.split.i.i, i15 0, void %nnet::dense_resource<ap_ufixed<15, 0, (ap_q_mode)4, (ap_o_mode)0, 0>, ap_fixed<16, 6, (ap_q_mode)5, (ap_o_mode)3, 0>, config10>.region_end" [firmware/nnet_utils/nnet_dense_stream.h:43->firmware/nnet_utils/nnet_dense_stream.h:93]   --->   Operation 40 'phi' 'data_25_rewind' <Predicate = true> <Delay = 0.00>
ST_4 : Operation 41 [1/1] (0.00ns)   --->   "%data_24_rewind = phi i15 0, void %nnet::dense_resource<ap_ufixed<15, 0, (ap_q_mode)4, (ap_o_mode)0, 0>, ap_fixed<16, 6, (ap_q_mode)5, (ap_o_mode)3, 0>, config10>.region_begin, i15 %data_24_phi, void %for.body13.split.i.i, i15 0, void %nnet::dense_resource<ap_ufixed<15, 0, (ap_q_mode)4, (ap_o_mode)0, 0>, ap_fixed<16, 6, (ap_q_mode)5, (ap_o_mode)3, 0>, config10>.region_end" [firmware/nnet_utils/nnet_dense_stream.h:43->firmware/nnet_utils/nnet_dense_stream.h:93]   --->   Operation 41 'phi' 'data_24_rewind' <Predicate = true> <Delay = 0.00>
ST_4 : Operation 42 [1/1] (0.00ns)   --->   "%data_3_rewind = phi i15 0, void %nnet::dense_resource<ap_ufixed<15, 0, (ap_q_mode)4, (ap_o_mode)0, 0>, ap_fixed<16, 6, (ap_q_mode)5, (ap_o_mode)3, 0>, config10>.region_begin, i15 %data_3_phi, void %for.body13.split.i.i, i15 0, void %nnet::dense_resource<ap_ufixed<15, 0, (ap_q_mode)4, (ap_o_mode)0, 0>, ap_fixed<16, 6, (ap_q_mode)5, (ap_o_mode)3, 0>, config10>.region_end" [firmware/nnet_utils/nnet_dense_stream.h:43->firmware/nnet_utils/nnet_dense_stream.h:93]   --->   Operation 42 'phi' 'data_3_rewind' <Predicate = true> <Delay = 0.00>
ST_4 : Operation 43 [1/1] (0.00ns)   --->   "%data_32_rewind = phi i15 0, void %nnet::dense_resource<ap_ufixed<15, 0, (ap_q_mode)4, (ap_o_mode)0, 0>, ap_fixed<16, 6, (ap_q_mode)5, (ap_o_mode)3, 0>, config10>.region_begin, i15 %data_32_phi, void %for.body13.split.i.i, i15 0, void %nnet::dense_resource<ap_ufixed<15, 0, (ap_q_mode)4, (ap_o_mode)0, 0>, ap_fixed<16, 6, (ap_q_mode)5, (ap_o_mode)3, 0>, config10>.region_end" [firmware/nnet_utils/nnet_dense_stream.h:43->firmware/nnet_utils/nnet_dense_stream.h:93]   --->   Operation 43 'phi' 'data_32_rewind' <Predicate = true> <Delay = 0.00>
ST_4 : Operation 44 [1/1] (0.00ns)   --->   "%p_rewind = phi i15 0, void %nnet::dense_resource<ap_ufixed<15, 0, (ap_q_mode)4, (ap_o_mode)0, 0>, ap_fixed<16, 6, (ap_q_mode)5, (ap_o_mode)3, 0>, config10>.region_begin, i15 %p_phi, void %for.body13.split.i.i, i15 0, void %nnet::dense_resource<ap_ufixed<15, 0, (ap_q_mode)4, (ap_o_mode)0, 0>, ap_fixed<16, 6, (ap_q_mode)5, (ap_o_mode)3, 0>, config10>.region_end" [firmware/nnet_utils/nnet_dense_stream.h:43->firmware/nnet_utils/nnet_dense_stream.h:93]   --->   Operation 44 'phi' 'p_rewind' <Predicate = true> <Delay = 0.00>
ST_4 : Operation 45 [1/1] (0.00ns)   --->   "%res4 = phi i14 16, void %nnet::dense_resource<ap_ufixed<15, 0, (ap_q_mode)4, (ap_o_mode)0, 0>, ap_fixed<16, 6, (ap_q_mode)5, (ap_o_mode)3, 0>, config10>.region_begin, i14 %x, void %for.body13.split.i.i, i14 16, void %nnet::dense_resource<ap_ufixed<15, 0, (ap_q_mode)4, (ap_o_mode)0, 0>, ap_fixed<16, 6, (ap_q_mode)5, (ap_o_mode)3, 0>, config10>.region_end"   --->   Operation 45 'phi' 'res4' <Predicate = true> <Delay = 0.00>
ST_4 : Operation 46 [1/1] (0.38ns)   --->   "%br_ln0 = br i1 %do_init, void %for.body13.split.i.i, void %rewind_init"   --->   Operation 46 'br' 'br_ln0' <Predicate = true> <Delay = 0.38>
ST_4 : Operation 47 [1/1] (0.00ns)   --->   "%data_4_phi = phi i15 %data_4, void %rewind_init, i15 %data_4_rewind, void %rewind_header"   --->   Operation 47 'phi' 'data_4_phi' <Predicate = true> <Delay = 0.00>
ST_4 : Operation 48 [1/1] (0.00ns)   --->   "%data_31_phi = phi i15 %data_45, void %rewind_init, i15 %data_31_rewind, void %rewind_header"   --->   Operation 48 'phi' 'data_31_phi' <Predicate = true> <Delay = 0.00>
ST_4 : Operation 49 [1/1] (0.00ns)   --->   "%data_30_phi = phi i15 %data_44, void %rewind_init, i15 %data_30_rewind, void %rewind_header"   --->   Operation 49 'phi' 'data_30_phi' <Predicate = true> <Delay = 0.00>
ST_4 : Operation 50 [1/1] (0.00ns)   --->   "%data_29_phi = phi i15 %data_43, void %rewind_init, i15 %data_29_rewind, void %rewind_header"   --->   Operation 50 'phi' 'data_29_phi' <Predicate = true> <Delay = 0.00>
ST_4 : Operation 51 [1/1] (0.00ns)   --->   "%data_28_phi = phi i15 %data_42, void %rewind_init, i15 %data_28_rewind, void %rewind_header"   --->   Operation 51 'phi' 'data_28_phi' <Predicate = true> <Delay = 0.00>
ST_4 : Operation 52 [1/1] (0.00ns)   --->   "%data_27_phi = phi i15 %data_41, void %rewind_init, i15 %data_27_rewind, void %rewind_header"   --->   Operation 52 'phi' 'data_27_phi' <Predicate = true> <Delay = 0.00>
ST_4 : Operation 53 [1/1] (0.00ns)   --->   "%data_26_phi = phi i15 %data_40, void %rewind_init, i15 %data_26_rewind, void %rewind_header"   --->   Operation 53 'phi' 'data_26_phi' <Predicate = true> <Delay = 0.00>
ST_4 : Operation 54 [1/1] (0.00ns)   --->   "%data_25_phi = phi i15 %data_39, void %rewind_init, i15 %data_25_rewind, void %rewind_header"   --->   Operation 54 'phi' 'data_25_phi' <Predicate = true> <Delay = 0.00>
ST_4 : Operation 55 [1/1] (0.00ns)   --->   "%data_24_phi = phi i15 %data_38, void %rewind_init, i15 %data_24_rewind, void %rewind_header"   --->   Operation 55 'phi' 'data_24_phi' <Predicate = true> <Delay = 0.00>
ST_4 : Operation 56 [1/1] (0.00ns)   --->   "%data_3_phi = phi i15 %data_3, void %rewind_init, i15 %data_3_rewind, void %rewind_header"   --->   Operation 56 'phi' 'data_3_phi' <Predicate = true> <Delay = 0.00>
ST_4 : Operation 57 [1/1] (0.00ns)   --->   "%data_32_phi = phi i15 %data_37, void %rewind_init, i15 %data_32_rewind, void %rewind_header"   --->   Operation 57 'phi' 'data_32_phi' <Predicate = true> <Delay = 0.00>
ST_4 : Operation 58 [1/1] (0.00ns)   --->   "%p_phi = phi i15 %data, void %rewind_init, i15 %p_rewind, void %rewind_header"   --->   Operation 58 'phi' 'p_phi' <Predicate = true> <Delay = 0.00>
ST_4 : Operation 59 [1/1] (0.00ns)   --->   "%specpipeline_ln43 = specpipeline void @_ssdm_op_SpecPipeline, i32 1, i32 0, i32 0, i32 0, void @empty_1" [firmware/nnet_utils/nnet_dense_resource.h:43->firmware/nnet_utils/nnet_dense_resource.h:240->firmware/nnet_utils/nnet_dense_stream.h:24->firmware/nnet_utils/nnet_dense_stream.h:97]   --->   Operation 59 'specpipeline' 'specpipeline_ln43' <Predicate = true> <Delay = 0.00>
ST_4 : Operation 60 [1/1] (0.00ns)   --->   "%speclooptripcount_ln45 = speclooptripcount void @_ssdm_op_SpecLoopTripCount, i64 12, i64 12, i64 12" [firmware/nnet_utils/nnet_dense_resource.h:45->firmware/nnet_utils/nnet_dense_resource.h:240->firmware/nnet_utils/nnet_dense_stream.h:24->firmware/nnet_utils/nnet_dense_stream.h:97]   --->   Operation 60 'speclooptripcount' 'speclooptripcount_ln45' <Predicate = true> <Delay = 0.00>
ST_4 : Operation 61 [1/1] (0.00ns)   --->   "%specloopname_ln42 = specloopname void @_ssdm_op_SpecLoopName, void @empty_5" [firmware/nnet_utils/nnet_dense_resource.h:42->firmware/nnet_utils/nnet_dense_resource.h:240->firmware/nnet_utils/nnet_dense_stream.h:24->firmware/nnet_utils/nnet_dense_stream.h:97]   --->   Operation 61 'specloopname' 'specloopname_ln42' <Predicate = true> <Delay = 0.00>
ST_4 : Operation 62 [1/1] (0.61ns)   --->   "%a = mux i15 @_ssdm_op_Mux.ap_auto.12i15.i4, i15 %p_phi, i15 %data_24_phi, i15 %data_25_phi, i15 %data_26_phi, i15 %data_27_phi, i15 %data_28_phi, i15 %data_29_phi, i15 %data_30_phi, i15 %data_31_phi, i15 %data_4_phi, i15 %data_32_phi, i15 %data_3_phi, i4 %in_index3" [firmware/nnet_utils/nnet_dense_stream.h:43->firmware/nnet_utils/nnet_dense_stream.h:93]   --->   Operation 62 'mux' 'a' <Predicate = true> <Delay = 0.61> <CoreInst = "Multiplexer">   --->   Core 76 'Multiplexer' <Latency = 0> <II = 1> <Delay = 0.61> <FuncUnit> <Opcode : 'mux'> <InPorts = 2> <OutPorts = 1>
ST_4 : Operation 63 [1/2] (0.68ns)   --->   "%w = load i4 %w10_addr" [firmware/nnet_utils/nnet_dense_resource.h:55->firmware/nnet_utils/nnet_dense_resource.h:240->firmware/nnet_utils/nnet_dense_stream.h:24->firmware/nnet_utils/nnet_dense_stream.h:97]   --->   Operation 63 'load' 'w' <Predicate = true> <Delay = 0.68> <CoreInst = "ROM">   --->   Core 101 'ROM' <Latency = 1> <II = 1> <Delay = 0.68> <Storage> <Opcode : 'load'> <Ports = 0> <Width = 9> <Depth = 12> <ROM>
ST_4 : Operation 64 [1/1] (0.00ns)   --->   "%zext_ln73 = zext i15 %a" [firmware/nnet_utils/nnet_mult.h:73->firmware/nnet_utils/nnet_dense_resource.h:54->firmware/nnet_utils/nnet_dense_resource.h:240->firmware/nnet_utils/nnet_dense_stream.h:24->firmware/nnet_utils/nnet_dense_stream.h:97]   --->   Operation 64 'zext' 'zext_ln73' <Predicate = true> <Delay = 0.00>
ST_4 : Operation 65 [1/1] (0.00ns)   --->   "%sext_ln73 = sext i9 %w" [firmware/nnet_utils/nnet_mult.h:73->firmware/nnet_utils/nnet_dense_resource.h:54->firmware/nnet_utils/nnet_dense_resource.h:240->firmware/nnet_utils/nnet_dense_stream.h:24->firmware/nnet_utils/nnet_dense_stream.h:97]   --->   Operation 65 'sext' 'sext_ln73' <Predicate = true> <Delay = 0.00>
ST_4 : Operation 66 [1/1] (1.92ns)   --->   "%mul_ln73 = mul i24 %zext_ln73, i24 %sext_ln73" [firmware/nnet_utils/nnet_mult.h:73->firmware/nnet_utils/nnet_dense_resource.h:54->firmware/nnet_utils/nnet_dense_resource.h:240->firmware/nnet_utils/nnet_dense_stream.h:24->firmware/nnet_utils/nnet_dense_stream.h:97]   --->   Operation 66 'mul' 'mul_ln73' <Predicate = true> <Delay = 1.92> <CoreInst = "Multiplier">   --->   Core 3 'Multiplier' <Latency = 0> <II = 1> <Delay = 1.92> <FuncUnit> <Opcode : 'mul'> <InPorts = 2> <OutPorts = 1>
ST_4 : Operation 67 [1/1] (0.00ns)   --->   "%trunc_ln = partselect i10 @_ssdm_op_PartSelect.i10.i24.i32.i32, i24 %mul_ln73, i32 14, i32 23" [firmware/nnet_utils/nnet_dense_resource.h:53->firmware/nnet_utils/nnet_dense_resource.h:240->firmware/nnet_utils/nnet_dense_stream.h:24->firmware/nnet_utils/nnet_dense_stream.h:97]   --->   Operation 67 'partselect' 'trunc_ln' <Predicate = true> <Delay = 0.00>
ST_4 : Operation 68 [1/1] (0.00ns)   --->   "%sext_ln53 = sext i10 %trunc_ln" [firmware/nnet_utils/nnet_dense_resource.h:53->firmware/nnet_utils/nnet_dense_resource.h:240->firmware/nnet_utils/nnet_dense_stream.h:24->firmware/nnet_utils/nnet_dense_stream.h:97]   --->   Operation 68 'sext' 'sext_ln53' <Predicate = true> <Delay = 0.00>
ST_4 : Operation 69 [1/1] (0.76ns)   --->   "%x = add i14 %sext_ln53, i14 %res4" [firmware/nnet_utils/nnet_dense_resource.h:53->firmware/nnet_utils/nnet_dense_resource.h:240->firmware/nnet_utils/nnet_dense_stream.h:24->firmware/nnet_utils/nnet_dense_stream.h:97]   --->   Operation 69 'add' 'x' <Predicate = true> <Delay = 0.76> <CoreInst = "Adder">   --->   Core 1 'Adder' <Latency = 0> <II = 1> <Delay = 0.76> <FuncUnit> <Opcode : 'add' 'sub'> <InPorts = 2> <OutPorts = 1>
ST_4 : Operation 70 [1/1] (0.00ns)   --->   "%sext_ln111 = sext i14 %x" [firmware/nnet_utils/nnet_mult.h:111->firmware/nnet_utils/nnet_dense_resource.h:76->firmware/nnet_utils/nnet_dense_resource.h:240->firmware/nnet_utils/nnet_dense_stream.h:24->firmware/nnet_utils/nnet_dense_stream.h:97]   --->   Operation 70 'sext' 'sext_ln111' <Predicate = (icmp_ln42)> <Delay = 0.00>
ST_4 : Operation 71 [2/2] (0.00ns)   --->   "%write_ln77 = write void @_ssdm_op_Write.axis.volatile.i16P128A, i16 %layer10_out, i16 %sext_ln111" [firmware/nnet_utils/nnet_dense_stream.h:77->firmware/nnet_utils/nnet_dense_stream.h:100]   --->   Operation 71 'write' 'write_ln77' <Predicate = (icmp_ln42)> <Delay = 0.00> <CoreInst = "axis">   --->   Core 123 'axis' <Latency = 0> <II = 1> <Delay = 1.00> <Adapter> <Opcode : >

State 5 <SV = 4> <Delay = 0.00>
ST_5 : Operation 72 [1/1] (0.00ns)   --->   "%rend = specregionend i32 @_ssdm_op_SpecRegionEnd, void @nnet_KD_KD_dense_resource_MD_ap_ufixed_MD_15_MC_AC_0_MC_AC_IC_ap_q_mode_JC_4_1, i32 %rbegin" [firmware/nnet_utils/nnet_dense_stream.h:53->firmware/nnet_utils/nnet_dense_stream.h:100]   --->   Operation 72 'specregionend' 'rend' <Predicate = (icmp_ln42)> <Delay = 0.00>
ST_5 : Operation 73 [1/2] (0.00ns)   --->   "%write_ln77 = write void @_ssdm_op_Write.axis.volatile.i16P128A, i16 %layer10_out, i16 %sext_ln111" [firmware/nnet_utils/nnet_dense_stream.h:77->firmware/nnet_utils/nnet_dense_stream.h:100]   --->   Operation 73 'write' 'write_ln77' <Predicate = (icmp_ln42)> <Delay = 0.00> <CoreInst = "axis">   --->   Core 123 'axis' <Latency = 0> <II = 1> <Delay = 1.00> <Adapter> <Opcode : >
ST_5 : Operation 74 [1/1] (0.00ns)   --->   "%return_ln101 = return void @_ssdm_op_Return" [firmware/nnet_utils/nnet_dense_stream.h:101]   --->   Operation 74 'return' 'return_ln101' <Predicate = (icmp_ln42)> <Delay = 0.00>


============================================================
+ Verbose Summary: Timing violations
============================================================
Target clock period: 5.000ns, clock uncertainty: 0.625ns.

 <State 1>: 0.387ns
The critical path consists of the following:
	multiplexor before 'phi' operation ('do_init') [9]  (0.387 ns)

 <State 2>: 0.708ns
The critical path consists of the following:
	'phi' operation ('in_index') with incoming values : ('in_index', firmware/nnet_utils/nnet_dense_resource.h:42->firmware/nnet_utils/nnet_dense_resource.h:240->firmware/nnet_utils/nnet_dense_stream.h:24->firmware/nnet_utils/nnet_dense_stream.h:97) [23]  (0.000 ns)
	'add' operation ('in_index', firmware/nnet_utils/nnet_dense_resource.h:42->firmware/nnet_utils/nnet_dense_resource.h:240->firmware/nnet_utils/nnet_dense_stream.h:24->firmware/nnet_utils/nnet_dense_stream.h:97) [66]  (0.708 ns)

 <State 3>: 1.428ns
The critical path consists of the following:
	fifo read operation ('layer9_out_read', firmware/nnet_utils/nnet_dense_stream.h:43->firmware/nnet_utils/nnet_dense_stream.h:93) on port 'layer9_out' (firmware/nnet_utils/nnet_dense_stream.h:43->firmware/nnet_utils/nnet_dense_stream.h:93) [26]  (1.428 ns)

 <State 4>: 3.694ns
The critical path consists of the following:
	'phi' operation ('data_4_rewind', firmware/nnet_utils/nnet_dense_stream.h:43->firmware/nnet_utils/nnet_dense_stream.h:93) with incoming values : ('data', firmware/nnet_utils/nnet_dense_stream.h:43->firmware/nnet_utils/nnet_dense_stream.h:93) [10]  (0.000 ns)
	multiplexor before 'phi' operation ('data') with incoming values : ('data', firmware/nnet_utils/nnet_dense_stream.h:43->firmware/nnet_utils/nnet_dense_stream.h:93) [41]  (0.387 ns)
	'phi' operation ('data') with incoming values : ('data', firmware/nnet_utils/nnet_dense_stream.h:43->firmware/nnet_utils/nnet_dense_stream.h:93) [41]  (0.000 ns)
	'mux' operation ('a', firmware/nnet_utils/nnet_dense_stream.h:43->firmware/nnet_utils/nnet_dense_stream.h:93) [57]  (0.618 ns)
	'mul' operation ('mul_ln73', firmware/nnet_utils/nnet_mult.h:73->firmware/nnet_utils/nnet_dense_resource.h:54->firmware/nnet_utils/nnet_dense_resource.h:240->firmware/nnet_utils/nnet_dense_stream.h:24->firmware/nnet_utils/nnet_dense_stream.h:97) [62]  (1.924 ns)
	'add' operation ('x', firmware/nnet_utils/nnet_dense_resource.h:53->firmware/nnet_utils/nnet_dense_resource.h:240->firmware/nnet_utils/nnet_dense_stream.h:24->firmware/nnet_utils/nnet_dense_stream.h:97) [65]  (0.765 ns)

 <State 5>: 0.000ns
The critical path consists of the following:


============================================================
+ Verbose Summary: Binding
============================================================
N/A
* FSMD analyzer results:
  - Output states:
 - Input state : 
  - Chain level:
	State 1
	State 2
	State 3
	State 4
	State 5


============================================================
+ Verbose Summary: Datapath Resource usage 
============================================================
N/A
