

================================================================
== Vitis HLS Report for 'myproject'
================================================================
* Date:           Mon May 20 13:41:22 2024

* Version:        2023.1 (Build 3854077 on May  4 2023)
* Project:        myproject_prj
* Solution:       solution1 (Vivado IP Flow Target)
* Product family: kintexu
* Target device:  xcku040-ffva1156-2-e


================================================================
== Performance Estimates
================================================================
+ Timing: 
    * Summary: 
    +--------+----------+-----------+------------+
    |  Clock |  Target  | Estimated | Uncertainty|
    +--------+----------+-----------+------------+
    |ap_clk  |  25.00 ns|  14.884 ns|     6.75 ns|
    +--------+----------+-----------+------------+

+ Latency: 
    * Summary: 
    +---------+---------+----------+----------+-----+-----+----------+
    |  Latency (cycles) |  Latency (absolute) |  Interval | Pipeline |
    |   min   |   max   |    min   |    max   | min | max |   Type   |
    +---------+---------+----------+----------+-----+-----+----------+
    |      311|      311|  7.775 us|  7.775 us|  303|  303|  dataflow|
    +---------+---------+----------+----------+-----+-----+----------+

    + Detail: 
        * Instance: 
        +-------------------------------------------------------------------------+------------------------------------------------------------------------+---------+---------+-----------+-----------+-----+-----+---------+
        |                                                                         |                                                                        |  Latency (cycles) |   Latency (absolute)  |  Interval | Pipeline|
        |                                 Instance                                |                                 Module                                 |   min   |   max   |    min    |    max    | min | max |   Type  |
        +-------------------------------------------------------------------------+------------------------------------------------------------------------+---------+---------+-----------+-----------+-----+-----+---------+
        |zeropad2d_cl_array_ap_fixed_1u_array_ap_fixed_16_6_5_3_0_1u_config19_U0  |zeropad2d_cl_array_ap_fixed_1u_array_ap_fixed_16_6_5_3_0_1u_config19_s  |      163|      163|   4.075 us|   4.075 us|  163|  163|       no|
        |conv_2d_cl_array_ap_fixed_1u_array_ap_fixed_16_6_5_3_0_8u_config2_U0     |conv_2d_cl_array_ap_fixed_1u_array_ap_fixed_16_6_5_3_0_8u_config2_s     |      302|      302|   7.550 us|   7.550 us|  302|  302|       no|
        |relu_array_ap_fixed_8u_array_ap_ufixed_10_0_4_0_0_8u_relu_config4_U0     |relu_array_ap_fixed_8u_array_ap_ufixed_10_0_4_0_0_8u_relu_config4_s     |      106|      106|   2.650 us|   2.650 us|  106|  106|       no|
        |pooling2d_cl_array_ap_ufixed_8u_array_ap_fixed_16_6_5_3_0_8u_config5_U0  |pooling2d_cl_array_ap_ufixed_8u_array_ap_fixed_16_6_5_3_0_8u_config5_s  |      106|      106|   2.650 us|   2.650 us|  106|  106|       no|
        |zeropad2d_cl_array_ap_fixed_8u_array_ap_fixed_16_6_5_3_0_8u_config20_U0  |zeropad2d_cl_array_ap_fixed_8u_array_ap_fixed_16_6_5_3_0_8u_config20_s  |       61|       61|   1.525 us|   1.525 us|   61|   61|       no|
        |conv_2d_cl_array_ap_fixed_8u_array_ap_fixed_16_6_5_3_0_13u_config6_U0    |conv_2d_cl_array_ap_fixed_8u_array_ap_fixed_16_6_5_3_0_13u_config6_s    |       98|       98|   2.450 us|   2.450 us|   98|   98|       no|
        |relu_array_ap_fixed_13u_array_ap_ufixed_10_0_4_0_0_13u_relu_config8_U0   |relu_array_ap_fixed_13u_array_ap_ufixed_10_0_4_0_0_13u_relu_config8_s   |       26|       26|   0.650 us|   0.650 us|   26|   26|       no|
        |pooling2d_cl_array_array_ap_fixed_16_6_5_3_0_13u_config9_U0              |pooling2d_cl_array_array_ap_fixed_16_6_5_3_0_13u_config9_s              |       26|       26|   0.650 us|   0.650 us|   26|   26|       no|
        |concatenate1d_array_array_array_ap_fixed_16_6_5_3_0_79u_config12_U0      |concatenate1d_array_array_array_ap_fixed_16_6_5_3_0_79u_config12_s      |       13|       13|   0.325 us|   0.325 us|   13|   13|       no|
        |dense_array_ap_fixed_79u_array_ap_fixed_16_6_5_3_0_13u_config13_U0       |dense_array_ap_fixed_79u_array_ap_fixed_16_6_5_3_0_13u_config13_s       |        0|        0|       0 ns|       0 ns|    0|    0|       no|
        |relu_array_ap_fixed_13u_array_ap_ufixed_10_0_4_0_0_13u_relu_config15_U0  |relu_array_ap_fixed_13u_array_ap_ufixed_10_0_4_0_0_13u_relu_config15_s  |        0|        0|       0 ns|       0 ns|    0|    0|       no|
        |dense_array_ap_ufixed_13u_array_ap_fixed_16_6_5_3_0_1u_config16_U0       |dense_array_ap_ufixed_13u_array_ap_fixed_16_6_5_3_0_1u_config16_s       |        0|        0|       0 ns|       0 ns|    0|    0|       no|
        |sigmoid_array_array_ap_fixed_16_6_5_3_0_1u_sigmoid_config18_U0           |sigmoid_array_array_ap_fixed_16_6_5_3_0_1u_sigmoid_config18_s           |        2|        2|  50.000 ns|  50.000 ns|    2|    2|       no|
        +-------------------------------------------------------------------------+------------------------------------------------------------------------+---------+---------+-----------+-----------+-----+-----+---------+

        * Loop: 
        N/A



================================================================
== Utilization Estimates
================================================================
* Summary: 
+-----------------+---------+------+--------+--------+-----+
|       Name      | BRAM_18K|  DSP |   FF   |   LUT  | URAM|
+-----------------+---------+------+--------+--------+-----+
|DSP              |        -|     -|       -|       -|    -|
|Expression       |        -|     -|       0|       2|    -|
|FIFO             |       62|     -|    1640|     677|    -|
|Instance         |        1|   928|    4083|   67972|    0|
|Memory           |        -|     -|       -|       -|    -|
|Multiplexer      |        -|     -|       -|       -|    -|
|Register         |        -|     -|       -|       -|    -|
+-----------------+---------+------+--------+--------+-----+
|Total            |       63|   928|    5723|   68651|    0|
+-----------------+---------+------+--------+--------+-----+
|Available        |     1200|  1920|  484800|  242400|    0|
+-----------------+---------+------+--------+--------+-----+
|Utilization (%)  |        5|    48|       1|      28|    0|
+-----------------+---------+------+--------+--------+-----+

+ Detail: 
    * Instance: 
    +-------------------------------------------------------------------------+------------------------------------------------------------------------+---------+-----+------+-------+-----+
    |                                 Instance                                |                                 Module                                 | BRAM_18K| DSP |  FF  |  LUT  | URAM|
    +-------------------------------------------------------------------------+------------------------------------------------------------------------+---------+-----+------+-------+-----+
    |concatenate1d_array_array_array_ap_fixed_16_6_5_3_0_79u_config12_U0      |concatenate1d_array_array_array_ap_fixed_16_6_5_3_0_79u_config12_s      |        0|    0|  1266|   1078|    0|
    |conv_2d_cl_array_ap_fixed_1u_array_ap_fixed_16_6_5_3_0_8u_config2_U0     |conv_2d_cl_array_ap_fixed_1u_array_ap_fixed_16_6_5_3_0_8u_config2_s     |        0|   39|   421|   3148|    0|
    |conv_2d_cl_array_ap_fixed_8u_array_ap_fixed_16_6_5_3_0_13u_config6_U0    |conv_2d_cl_array_ap_fixed_8u_array_ap_fixed_16_6_5_3_0_13u_config6_s    |        0|  401|  1427|  32693|    0|
    |dense_array_ap_fixed_79u_array_ap_fixed_16_6_5_3_0_13u_config13_U0       |dense_array_ap_fixed_79u_array_ap_fixed_16_6_5_3_0_13u_config13_s       |        0|  488|     3|  24025|    0|
    |dense_array_ap_ufixed_13u_array_ap_fixed_16_6_5_3_0_1u_config16_U0       |dense_array_ap_ufixed_13u_array_ap_fixed_16_6_5_3_0_1u_config16_s       |        0|    0|     3|    806|    0|
    |pooling2d_cl_array_ap_ufixed_8u_array_ap_fixed_16_6_5_3_0_8u_config5_U0  |pooling2d_cl_array_ap_ufixed_8u_array_ap_fixed_16_6_5_3_0_8u_config5_s  |        0|    0|   301|   1287|    0|
    |pooling2d_cl_array_array_ap_fixed_16_6_5_3_0_13u_config9_U0              |pooling2d_cl_array_array_ap_fixed_16_6_5_3_0_13u_config9_s              |        0|    0|   399|   1723|    0|
    |relu_array_ap_fixed_13u_array_ap_ufixed_10_0_4_0_0_13u_relu_config15_U0  |relu_array_ap_fixed_13u_array_ap_ufixed_10_0_4_0_0_13u_relu_config15_s  |        0|    0|     3|    766|    0|
    |relu_array_ap_fixed_13u_array_ap_ufixed_10_0_4_0_0_13u_relu_config8_U0   |relu_array_ap_fixed_13u_array_ap_ufixed_10_0_4_0_0_13u_relu_config8_s   |        0|    0|     9|    823|    0|
    |relu_array_ap_fixed_8u_array_ap_ufixed_10_0_4_0_0_8u_relu_config4_U0     |relu_array_ap_fixed_8u_array_ap_ufixed_10_0_4_0_0_8u_relu_config4_s     |        0|    0|    11|    547|    0|
    |sigmoid_array_array_ap_fixed_16_6_5_3_0_1u_sigmoid_config18_U0           |sigmoid_array_array_ap_fixed_16_6_5_3_0_1u_sigmoid_config18_s           |        1|    0|     4|    204|    0|
    |zeropad2d_cl_array_ap_fixed_1u_array_ap_fixed_16_6_5_3_0_1u_config19_U0  |zeropad2d_cl_array_ap_fixed_1u_array_ap_fixed_16_6_5_3_0_1u_config19_s  |        0|    0|    66|    445|    0|
    |zeropad2d_cl_array_ap_fixed_8u_array_ap_fixed_16_6_5_3_0_8u_config20_U0  |zeropad2d_cl_array_ap_fixed_8u_array_ap_fixed_16_6_5_3_0_8u_config20_s  |        0|    0|   170|    427|    0|
    +-------------------------------------------------------------------------+------------------------------------------------------------------------+---------+-----+------+-------+-----+
    |Total                                                                    |                                                                        |        1|  928|  4083|  67972|    0|
    +-------------------------------------------------------------------------+------------------------------------------------------------------------+---------+-----+------+-------+-----+

    * DSP: 
    N/A

    * Memory: 
    N/A

    * FIFO: 
    +---------------+---------+-----+----+-----+------+------+---------+
    |      Name     | BRAM_18K|  FF | LUT| URAM| Depth| Bits | Size:D*B|
    +---------------+---------+-----+----+-----+------+------+---------+
    |layer12_out_U  |        0|   99|   0|    -|     1|  1264|     1264|
    |layer13_out_U  |        0|   99|   0|    -|     1|   208|      208|
    |layer15_out_U  |        0|   99|   0|    -|     1|   130|      130|
    |layer16_out_U  |        0|   99|   0|    -|     1|    16|       16|
    |layer19_out_U  |        1|  160|   0|    -|   150|    16|     2400|
    |layer20_out_U  |        8|  154|   0|    -|    48|   128|     6144|
    |layer2_out_U   |        8|  163|   0|    -|   104|   128|    13312|
    |layer4_out_U   |        5|  163|   0|    -|   104|    80|     8320|
    |layer5_out_U   |        8|  152|   0|    -|    24|   128|     3072|
    |layer6_out_U   |       12|  152|   0|    -|    24|   208|     4992|
    |layer8_out_U   |        8|  152|   0|    -|    24|   130|     3120|
    |layer9_out_U   |       12|  148|   0|    -|     6|   208|     1248|
    +---------------+---------+-----+----+-----+------+------+---------+
    |Total          |       62| 1640|   0|    0|   488|  2644|    44226|
    +---------------+---------+-----+----+-----+------+------+---------+

    * Expression: 
    +--------------+----------+----+---+----+------------+------------+
    | Variable Name| Operation| DSP| FF| LUT| Bitwidth P0| Bitwidth P1|
    +--------------+----------+----+---+----+------------+------------+
    |ap_idle       |       and|   0|  0|   2|           1|           1|
    +--------------+----------+----+---+----+------------+------------+
    |Total         |          |   0|  0|   2|           1|           1|
    +--------------+----------+----+---+----+------------+------------+

    * Multiplexer: 
    N/A

    * Register: 
    N/A



================================================================
== Interface
================================================================
* Summary: 
+------------------------+-----+-----+------------+-----------------+--------------+
|        RTL Ports       | Dir | Bits|  Protocol  |  Source Object  |    C Type    |
+------------------------+-----+-----+------------+-----------------+--------------+
|y_profile_input_TDATA   |   in|   16|        axis|  y_profile_input|       pointer|
|y_profile_input_TVALID  |   in|    1|        axis|  y_profile_input|       pointer|
|y_profile_input_TREADY  |  out|    1|        axis|  y_profile_input|       pointer|
|y0_input_TDATA          |   in|   16|        axis|         y0_input|       pointer|
|y0_input_TVALID         |   in|    1|        axis|         y0_input|       pointer|
|y0_input_TREADY         |  out|    1|        axis|         y0_input|       pointer|
|layer18_out_TDATA       |  out|   16|        axis|      layer18_out|       pointer|
|layer18_out_TVALID      |  out|    1|        axis|      layer18_out|       pointer|
|layer18_out_TREADY      |   in|    1|        axis|      layer18_out|       pointer|
|ap_clk                  |   in|    1|  ap_ctrl_hs|        myproject|  return value|
|ap_rst_n                |   in|    1|  ap_ctrl_hs|        myproject|  return value|
|ap_start                |   in|    1|  ap_ctrl_hs|        myproject|  return value|
|ap_done                 |  out|    1|  ap_ctrl_hs|        myproject|  return value|
|ap_ready                |  out|    1|  ap_ctrl_hs|        myproject|  return value|
|ap_idle                 |  out|    1|  ap_ctrl_hs|        myproject|  return value|
+------------------------+-----+-----+------------+-----------------+--------------+

