

================================================================
== Vitis HLS Report for 'relu_array_ap_fixed_7u_array_ap_ufixed_10_0_4_0_0_7u_relu_config8_s'
================================================================
* Date:           Mon May 20 13:45:19 2024

* Version:        2023.1 (Build 3854077 on May  4 2023)
* Project:        myproject_prj
* Solution:       solution1 (Vivado IP Flow Target)
* Product family: virtexuplus
* Target device:  xcvu13p-flga2577-2-e


================================================================
== Performance Estimates
================================================================
+ Timing: 
    * Summary: 
    +--------+----------+----------+------------+
    |  Clock |  Target  | Estimated| Uncertainty|
    +--------+----------+----------+------------+
    |ap_clk  |  25.00 ns|  3.550 ns|     6.75 ns|
    +--------+----------+----------+------------+

+ Latency: 
    * Summary: 
    +---------+---------+----------+----------+-----+-----+---------+
    |  Latency (cycles) |  Latency (absolute) |  Interval | Pipeline|
    |   min   |   max   |    min   |    max   | min | max |   Type  |
    +---------+---------+----------+----------+-----+-----+---------+
    |       26|       26|  0.650 us|  0.650 us|   26|   26|       no|
    +---------+---------+----------+----------+-----+-----+---------+

    + Detail: 
        * Instance: 
        N/A

        * Loop: 
        +---------------+---------+---------+----------+-----------+-----------+------+----------+
        |               |  Latency (cycles) | Iteration|  Initiation Interval  | Trip |          |
        |   Loop Name   |   min   |   max   |  Latency |  achieved |   target  | Count| Pipelined|
        +---------------+---------+---------+----------+-----------+-----------+------+----------+
        |- ReLUActLoop  |       24|       24|         2|          1|          1|    24|       yes|
        +---------------+---------+---------+----------+-----------+-----------+------+----------+



================================================================
== Utilization Estimates
================================================================
* Summary: 
+---------------------+---------+-------+---------+---------+------+
|         Name        | BRAM_18K|  DSP  |    FF   |   LUT   | URAM |
+---------------------+---------+-------+---------+---------+------+
|DSP                  |        -|      -|        -|        -|     -|
|Expression           |        -|      -|        0|      424|     -|
|FIFO                 |        -|      -|        -|        -|     -|
|Instance             |        -|      -|        -|        -|     -|
|Memory               |        -|      -|        -|        -|     -|
|Multiplexer          |        -|      -|        -|       63|     -|
|Register             |        -|      -|        9|        -|     -|
+---------------------+---------+-------+---------+---------+------+
|Total                |        0|      0|        9|      487|     0|
+---------------------+---------+-------+---------+---------+------+
|Available SLR        |     1344|   3072|   864000|   432000|   320|
+---------------------+---------+-------+---------+---------+------+
|Utilization SLR (%)  |        0|      0|       ~0|       ~0|     0|
+---------------------+---------+-------+---------+---------+------+
|Available            |     5376|  12288|  3456000|  1728000|  1280|
+---------------------+---------+-------+---------+---------+------+
|Utilization (%)      |        0|      0|       ~0|       ~0|     0|
+---------------------+---------+-------+---------+---------+------+

+ Detail: 
    * Instance: 
    N/A

    * DSP: 
    N/A

    * Memory: 
    N/A

    * FIFO: 
    N/A

    * Expression: 
    +----------------------------------+----------+----+---+----+------------+------------+
    |           Variable Name          | Operation| DSP| FF| LUT| Bitwidth P0| Bitwidth P1|
    +----------------------------------+----------+----+---+----+------------+------------+
    |i_6_fu_135_p2                     |         +|   0|  0|  12|           5|           1|
    |ap_condition_101                  |       and|   0|  0|   2|           1|           1|
    |icmp_ln41_fu_129_p2               |      icmp|   0|  0|  12|           5|           5|
    |icmp_ln51_1_fu_252_p2             |      icmp|   0|  0|  23|          16|           1|
    |icmp_ln51_2_fu_300_p2             |      icmp|   0|  0|  23|          16|           1|
    |icmp_ln51_3_fu_348_p2             |      icmp|   0|  0|  23|          16|           1|
    |icmp_ln51_4_fu_396_p2             |      icmp|   0|  0|  23|          16|           1|
    |icmp_ln51_5_fu_444_p2             |      icmp|   0|  0|  23|          16|           1|
    |icmp_ln51_6_fu_492_p2             |      icmp|   0|  0|  23|          16|           1|
    |icmp_ln51_fu_210_p2               |      icmp|   0|  0|  23|          16|           1|
    |icmp_ln52_1_fu_278_p2             |      icmp|   0|  0|  13|           6|           1|
    |icmp_ln52_2_fu_326_p2             |      icmp|   0|  0|  13|           6|           1|
    |icmp_ln52_3_fu_374_p2             |      icmp|   0|  0|  13|           6|           1|
    |icmp_ln52_4_fu_422_p2             |      icmp|   0|  0|  13|           6|           1|
    |icmp_ln52_5_fu_470_p2             |      icmp|   0|  0|  13|           6|           1|
    |icmp_ln52_6_fu_518_p2             |      icmp|   0|  0|  13|           6|           1|
    |icmp_ln52_fu_230_p2               |      icmp|   0|  0|  13|           6|           1|
    |ap_block_pp0_stage0_01001         |        or|   0|  0|   2|           1|           1|
    |ap_block_state2_pp0_stage0_iter1  |        or|   0|  0|   2|           1|           1|
    |out_data_1_fu_244_p3              |    select|   0|  0|  10|           1|          10|
    |out_data_2_fu_284_p3              |    select|   0|  0|  10|           1|           2|
    |out_data_3_fu_292_p3              |    select|   0|  0|  10|           1|          10|
    |out_data_4_fu_332_p3              |    select|   0|  0|  10|           1|           2|
    |out_data_5_fu_340_p3              |    select|   0|  0|  10|           1|          10|
    |out_data_6_fu_380_p3              |    select|   0|  0|  10|           1|           2|
    |out_data_7_fu_388_p3              |    select|   0|  0|  10|           1|          10|
    |out_data_fu_236_p3                |    select|   0|  0|  10|           1|           2|
    |select_ln51_1_fu_484_p3           |    select|   0|  0|  10|           1|          10|
    |select_ln51_2_fu_532_p3           |    select|   0|  0|  10|           1|          10|
    |select_ln51_fu_436_p3             |    select|   0|  0|  10|           1|          10|
    |select_ln52_1_fu_476_p3           |    select|   0|  0|  10|           1|           2|
    |select_ln52_2_fu_524_p3           |    select|   0|  0|  10|           1|           2|
    |select_ln52_fu_428_p3             |    select|   0|  0|  10|           1|           2|
    |ap_enable_pp0                     |       xor|   0|  0|   2|           1|           2|
    +----------------------------------+----------+----+---+----+------------+------------+
    |Total                             |          |   0|  0| 424|         182|         109|
    +----------------------------------+----------+----+---+----+------------+------------+

    * Multiplexer: 
    +-------------------------+----+-----------+-----+-----------+
    |           Name          | LUT| Input Size| Bits| Total Bits|
    +-------------------------+----+-----------+-----+-----------+
    |ap_done_int              |   9|          2|    1|          2|
    |ap_enable_reg_pp0_iter1  |   9|          2|    1|          2|
    |ap_sig_allocacmp_i_5     |   9|          2|    5|         10|
    |i_fu_104                 |   9|          2|    5|         10|
    |layer6_out_blk_n         |   9|          2|    1|          2|
    |layer8_out_blk_n         |   9|          2|    1|          2|
    |real_start               |   9|          2|    1|          2|
    +-------------------------+----+-----------+-----+-----------+
    |Total                    |  63|         14|   15|         30|
    +-------------------------+----+-----------+-----+-----------+

    * Register: 
    +-------------------------+---+----+-----+-----------+
    |           Name          | FF| LUT| Bits| Const Bits|
    +-------------------------+---+----+-----+-----------+
    |ap_CS_fsm                |  1|   0|    1|          0|
    |ap_done_reg              |  1|   0|    1|          0|
    |ap_enable_reg_pp0_iter1  |  1|   0|    1|          0|
    |i_fu_104                 |  5|   0|    5|          0|
    |start_once_reg           |  1|   0|    1|          0|
    +-------------------------+---+----+-----+-----------+
    |Total                    |  9|   0|    9|          0|
    +-------------------------+---+----+-----+-----------+



================================================================
== Interface
================================================================
* Summary: 
+---------------------------+-----+-----+------------+-----------------------------------------------------------------------+--------------+
|         RTL Ports         | Dir | Bits|  Protocol  |                             Source Object                             |    C Type    |
+---------------------------+-----+-----+------------+-----------------------------------------------------------------------+--------------+
|ap_clk                     |   in|    1|  ap_ctrl_hs|  relu<array<ap_fixed,7u>,array<ap_ufixed<10,0,4,0,0>,7u>,relu_config8>|  return value|
|ap_rst                     |   in|    1|  ap_ctrl_hs|  relu<array<ap_fixed,7u>,array<ap_ufixed<10,0,4,0,0>,7u>,relu_config8>|  return value|
|ap_start                   |   in|    1|  ap_ctrl_hs|  relu<array<ap_fixed,7u>,array<ap_ufixed<10,0,4,0,0>,7u>,relu_config8>|  return value|
|start_full_n               |   in|    1|  ap_ctrl_hs|  relu<array<ap_fixed,7u>,array<ap_ufixed<10,0,4,0,0>,7u>,relu_config8>|  return value|
|ap_done                    |  out|    1|  ap_ctrl_hs|  relu<array<ap_fixed,7u>,array<ap_ufixed<10,0,4,0,0>,7u>,relu_config8>|  return value|
|ap_continue                |   in|    1|  ap_ctrl_hs|  relu<array<ap_fixed,7u>,array<ap_ufixed<10,0,4,0,0>,7u>,relu_config8>|  return value|
|ap_idle                    |  out|    1|  ap_ctrl_hs|  relu<array<ap_fixed,7u>,array<ap_ufixed<10,0,4,0,0>,7u>,relu_config8>|  return value|
|ap_ready                   |  out|    1|  ap_ctrl_hs|  relu<array<ap_fixed,7u>,array<ap_ufixed<10,0,4,0,0>,7u>,relu_config8>|  return value|
|start_out                  |  out|    1|  ap_ctrl_hs|  relu<array<ap_fixed,7u>,array<ap_ufixed<10,0,4,0,0>,7u>,relu_config8>|  return value|
|start_write                |  out|    1|  ap_ctrl_hs|  relu<array<ap_fixed,7u>,array<ap_ufixed<10,0,4,0,0>,7u>,relu_config8>|  return value|
|layer6_out_dout            |   in|  112|     ap_fifo|                                                             layer6_out|       pointer|
|layer6_out_num_data_valid  |   in|    6|     ap_fifo|                                                             layer6_out|       pointer|
|layer6_out_fifo_cap        |   in|    6|     ap_fifo|                                                             layer6_out|       pointer|
|layer6_out_empty_n         |   in|    1|     ap_fifo|                                                             layer6_out|       pointer|
|layer6_out_read            |  out|    1|     ap_fifo|                                                             layer6_out|       pointer|
|layer8_out_din             |  out|   70|     ap_fifo|                                                             layer8_out|       pointer|
|layer8_out_num_data_valid  |   in|    6|     ap_fifo|                                                             layer8_out|       pointer|
|layer8_out_fifo_cap        |   in|    6|     ap_fifo|                                                             layer8_out|       pointer|
|layer8_out_full_n          |   in|    1|     ap_fifo|                                                             layer8_out|       pointer|
|layer8_out_write           |  out|    1|     ap_fifo|                                                             layer8_out|       pointer|
+---------------------------+-----+-----+------------+-----------------------------------------------------------------------+--------------+

