

================================================================
== Synthesis Summary Report of 'myproject'
================================================================
+ General Information: 
    * Date:           Wed Aug 14 11:42:39 2024
    * Version:        2023.1 (Build 3854077 on May  4 2023)
    * Project:        myproject_prj
    * Solution:       solution1 (Vivado IP Flow Target)
    * Product family: virtexuplus
    * Target device:  xcvu13p-flga2577-2-e
    

+ Performance & Resource Estimates: 
    
    PS: '+' for module; 'o' for loop; '*' for dataflow
    +--------------------------------------------------------------------------+------+------+---------+-----------+----------+---------+------+----------+---------+---------+------------+-------------+-----+
    |                                  Modules                                 | Issue|      | Latency |  Latency  | Iteration|         | Trip |          |         |         |            |             |     |
    |                                  & Loops                                 | Type | Slack| (cycles)|    (ns)   |  Latency | Interval| Count| Pipelined|  BRAM   |   DSP   |     FF     |     LUT     | URAM|
    +--------------------------------------------------------------------------+------+------+---------+-----------+----------+---------+------+----------+---------+---------+------------+-------------+-----+
    |+ myproject*                                                              |     -|  0.16|     1275|  6.375e+03|         -|     1272|     -|  dataflow|  4 (~0%)|  5 (~0%)|  9831 (~0%)|  12394 (~0%)|    -|
    | + dense_array_ap_fixed_53u_array_ap_fixed_16_6_5_3_0_24u_config2_s       |    II|  1.01|     1275|  6.375e+03|         -|     1272|     -|    rewind|  3 (~0%)|  1 (~0%)|  2543 (~0%)|   3321 (~0%)|    -|
    |  o ReuseLoop                                                             |     -|  4.37|     1274|  6.370e+03|         4|        1|  1272|       yes|        -|        -|           -|            -|    -|
    | + normalize_array_ap_fixed_24u_array_ap_fixed_16_6_5_3_0_24u_config4_s   |     -|  0.17|       23|    115.000|         -|       23|     -|        no|        -|  1 (~0%)|   762 (~0%)|   1204 (~0%)|    -|
    | + relu_array_ap_fixed_24u_array_ap_ufixed_15_0_4_0_0_24u_relu_config5_s  |     -|  0.47|        0|      0.000|         -|        0|     -|        no|        -|        -|     3 (~0%)|   1622 (~0%)|    -|
    | + dense_array_ap_ufixed_24u_array_ap_fixed_16_6_5_3_0_12u_config6_s      |    II|  0.60|      291|  1.455e+03|         -|      288|     -|    rewind|  1 (~0%)|  1 (~0%)|   854 (~0%)|   1805 (~0%)|    -|
    |  o ReuseLoop                                                             |     -|  4.37|      290|  1.450e+03|         4|        1|   288|       yes|        -|        -|           -|            -|    -|
    | + normalize_array_ap_fixed_12u_array_ap_fixed_16_6_5_3_0_12u_config8_s   |     -|  0.16|       11|     55.000|         -|       11|     -|        no|        -|  1 (~0%)|   366 (~0%)|    633 (~0%)|    -|
    | + relu_array_ap_fixed_12u_array_ap_ufixed_15_0_4_0_0_12u_relu_config9_s  |     -|  0.44|        0|      0.000|         -|        0|     -|        no|        -|        -|     3 (~0%)|    830 (~0%)|    -|
    | + dense_array_ap_ufixed_12u_array_ap_fixed_16_6_5_3_0_1u_config10_s      |    II|  0.68|       15|     75.000|         -|       12|     -|    rewind|        -|  1 (~0%)|   668 (~0%)|    628 (~0%)|    -|
    |  o ReuseLoop                                                             |     -|  4.37|       14|     70.000|         4|        1|    12|       yes|        -|        -|           -|            -|    -|
    +--------------------------------------------------------------------------+------+------+---------+-----------+----------+---------+------+----------+---------+---------+------------+-------------+-----+


================================================================
== HW Interfaces
================================================================
* AXIS
+---------------+-----------+---------------+-------+--------+--------+
| Interface     | Direction | Register Mode | TDATA | TREADY | TVALID |
+---------------+-----------+---------------+-------+--------+--------+
| layer10_out   | out       | both          | 16    | 1      | 1      |
| y_timed_input | in        | both          | 848   | 1      | 1      |
+---------------+-----------+---------------+-------+--------+--------+

* TOP LEVEL CONTROL
+-----------+------------+-----------------------------------+
| Interface | Type       | Ports                             |
+-----------+------------+-----------------------------------+
| ap_clk    | clock      | ap_clk                            |
| ap_rst_n  | reset      | ap_rst_n                          |
| ap_ctrl   | ap_ctrl_hs | ap_done ap_idle ap_ready ap_start |
+-----------+------------+-----------------------------------+


================================================================
== SW I/O Information
================================================================
* Top Function Arguments
+---------------+-----------+------------------------------------------------------------------+
| Argument      | Direction | Datatype                                                         |
+---------------+-----------+------------------------------------------------------------------+
| y_timed_input | in        | stream<nnet::array<ap_fixed<16, 6, AP_TRN, AP_WRAP, 0>, 53>, 0>& |
| layer10_out   | out       | stream<nnet::array<ap_fixed<16, 6, AP_TRN, AP_WRAP, 0>, 1>, 0>&  |
+---------------+-----------+------------------------------------------------------------------+

* SW-to-HW Mapping
+---------------+---------------+-----------+
| Argument      | HW Interface  | HW Type   |
+---------------+---------------+-----------+
| y_timed_input | y_timed_input | interface |
| layer10_out   | layer10_out   | interface |
+---------------+---------------+-----------+


================================================================
== Bind Op Report
================================================================
+-------------------------------------------------------------------------+-----+--------+-------------+-----+--------+---------+
| Name                                                                    | DSP | Pragma | Variable    | Op  | Impl   | Latency |
+-------------------------------------------------------------------------+-----+--------+-------------+-----+--------+---------+
| + myproject                                                             | 5   |        |             |     |        |         |
|  + dense_array_ap_fixed_53u_array_ap_fixed_16_6_5_3_0_24u_config2_s     | 1   |        |             |     |        |         |
|    mul_16s_10s_24_1_1_U2                                                | 1   |        | mul_ln133   | mul | auto   | 0       |
|    sub_ln133_fu_6761_p2                                                 | -   |        | sub_ln133   | sub | fabric | 0       |
|    ir_fu_6533_p2                                                        | -   |        | ir          | add | fabric | 0       |
|    acc_83_fu_6773_p2                                                    | -   |        | acc_83      | add | fabric | 0       |
|    in_index_2_fu_6681_p2                                                | -   |        | in_index_2  | add | fabric | 0       |
|  + normalize_array_ap_fixed_24u_array_ap_fixed_16_6_5_3_0_24u_config4_s | 1   |        |             |     |        |         |
|    mul_16s_14ns_26_1_1_U12                                              | 1   |        | mul_ln42    | mul | auto   | 0       |
|    add_ln42_fu_602_p2                                                   | -   |        | add_ln42    | add | fabric | 0       |
|    mul_16s_14ns_26_1_1_U12                                              | 1   |        | mul_ln42_1  | mul | auto   | 0       |
|    add_ln42_1_fu_622_p2                                                 | -   |        | add_ln42_1  | add | fabric | 0       |
|    mul_16s_14ns_26_1_1_U12                                              | 1   |        | mul_ln42_2  | mul | auto   | 0       |
|    add_ln42_2_fu_642_p2                                                 | -   |        | add_ln42_2  | add | fabric | 0       |
|    mul_16s_14ns_26_1_1_U12                                              | 1   |        | mul_ln42_3  | mul | auto   | 0       |
|    add_ln42_3_fu_662_p2                                                 | -   |        | add_ln42_3  | add | fabric | 0       |
|    mul_16s_14ns_26_1_1_U12                                              | 1   |        | mul_ln42_4  | mul | auto   | 0       |
|    add_ln42_4_fu_682_p2                                                 | -   |        | add_ln42_4  | add | fabric | 0       |
|    mul_16s_14ns_26_1_1_U12                                              | 1   |        | mul_ln42_5  | mul | auto   | 0       |
|    add_ln42_5_fu_702_p2                                                 | -   |        | add_ln42_5  | add | fabric | 0       |
|    mul_16s_14ns_26_1_1_U12                                              | 1   |        | mul_ln42_6  | mul | auto   | 0       |
|    add_ln42_6_fu_722_p2                                                 | -   |        | add_ln42_6  | add | fabric | 0       |
|    mul_16s_14ns_26_1_1_U12                                              | 1   |        | mul_ln42_7  | mul | auto   | 0       |
|    add_ln42_7_fu_742_p2                                                 | -   |        | add_ln42_7  | add | fabric | 0       |
|    mul_16s_14ns_26_1_1_U12                                              | 1   |        | mul_ln42_8  | mul | auto   | 0       |
|    add_ln42_8_fu_762_p2                                                 | -   |        | add_ln42_8  | add | fabric | 0       |
|    mul_16s_14ns_26_1_1_U12                                              | 1   |        | mul_ln42_9  | mul | auto   | 0       |
|    add_ln42_9_fu_782_p2                                                 | -   |        | add_ln42_9  | add | fabric | 0       |
|    mul_16s_14ns_26_1_1_U12                                              | 1   |        | mul_ln42_10 | mul | auto   | 0       |
|    add_ln42_10_fu_802_p2                                                | -   |        | add_ln42_10 | add | fabric | 0       |
|    mul_16s_14ns_26_1_1_U12                                              | 1   |        | mul_ln42_11 | mul | auto   | 0       |
|    add_ln42_11_fu_822_p2                                                | -   |        | add_ln42_11 | add | fabric | 0       |
|    mul_16s_14ns_26_1_1_U12                                              | 1   |        | mul_ln42_12 | mul | auto   | 0       |
|    add_ln42_12_fu_842_p2                                                | -   |        | add_ln42_12 | add | fabric | 0       |
|    mul_16s_14ns_26_1_1_U12                                              | 1   |        | mul_ln42_13 | mul | auto   | 0       |
|    add_ln42_13_fu_862_p2                                                | -   |        | add_ln42_13 | add | fabric | 0       |
|    mul_16s_14ns_26_1_1_U12                                              | 1   |        | mul_ln42_14 | mul | auto   | 0       |
|    add_ln42_14_fu_882_p2                                                | -   |        | add_ln42_14 | add | fabric | 0       |
|    mul_16s_14ns_26_1_1_U12                                              | 1   |        | mul_ln42_15 | mul | auto   | 0       |
|    add_ln42_15_fu_902_p2                                                | -   |        | add_ln42_15 | add | fabric | 0       |
|    mul_16s_14ns_26_1_1_U12                                              | 1   |        | mul_ln42_16 | mul | auto   | 0       |
|    add_ln42_16_fu_922_p2                                                | -   |        | add_ln42_16 | add | fabric | 0       |
|    mul_16s_14ns_26_1_1_U12                                              | 1   |        | mul_ln42_17 | mul | auto   | 0       |
|    add_ln42_17_fu_942_p2                                                | -   |        | add_ln42_17 | add | fabric | 0       |
|    mul_16s_14ns_26_1_1_U12                                              | 1   |        | mul_ln42_18 | mul | auto   | 0       |
|    add_ln42_18_fu_962_p2                                                | -   |        | add_ln42_18 | add | fabric | 0       |
|    mul_16s_14ns_26_1_1_U12                                              | 1   |        | mul_ln42_19 | mul | auto   | 0       |
|    add_ln42_19_fu_982_p2                                                | -   |        | add_ln42_19 | add | fabric | 0       |
|    mul_16s_14ns_26_1_1_U12                                              | 1   |        | mul_ln42_20 | mul | auto   | 0       |
|    add_ln42_20_fu_1002_p2                                               | -   |        | add_ln42_20 | add | fabric | 0       |
|    mul_16s_14ns_26_1_1_U12                                              | 1   |        | mul_ln42_21 | mul | auto   | 0       |
|    add_ln42_21_fu_1022_p2                                               | -   |        | add_ln42_21 | add | fabric | 0       |
|    mul_16s_14ns_26_1_1_U12                                              | 1   |        | mul_ln42_22 | mul | auto   | 0       |
|    add_ln42_22_fu_1042_p2                                               | -   |        | add_ln42_22 | add | fabric | 0       |
|    mul_16s_14ns_26_1_1_U12                                              | 1   |        | mul_ln42_23 | mul | auto   | 0       |
|    add_ln42_23_fu_1062_p2                                               | -   |        | add_ln42_23 | add | fabric | 0       |
|  + dense_array_ap_ufixed_24u_array_ap_fixed_16_6_5_3_0_12u_config6_s    | 1   |        |             |     |        |         |
|    mul_15ns_10s_25_1_1_U19                                              | 1   |        | mul_ln73    | mul | auto   | 0       |
|    sub_ln133_fu_2550_p2                                                 | -   |        | sub_ln133   | sub | fabric | 0       |
|    ir_fu_2143_p2                                                        | -   |        | ir          | add | fabric | 0       |
|    acc_24_fu_2562_p2                                                    | -   |        | acc_24      | add | fabric | 0       |
|    in_index_1_fu_2467_p2                                                | -   |        | in_index_1  | add | fabric | 0       |
|  + normalize_array_ap_fixed_12u_array_ap_fixed_16_6_5_3_0_12u_config8_s | 1   |        |             |     |        |         |
|    mul_16s_13ns_26_1_1_U27                                              | 1   |        | mul_ln42    | mul | auto   | 0       |
|    add_ln42_fu_330_p2                                                   | -   |        | add_ln42    | add | fabric | 0       |
|    mul_16s_13ns_26_1_1_U27                                              | 1   |        | mul_ln42_24 | mul | auto   | 0       |
|    add_ln42_24_fu_350_p2                                                | -   |        | add_ln42_24 | add | fabric | 0       |
|    mul_16s_13ns_26_1_1_U27                                              | 1   |        | mul_ln42_25 | mul | auto   | 0       |
|    add_ln42_25_fu_370_p2                                                | -   |        | add_ln42_25 | add | fabric | 0       |
|    mul_16s_13ns_26_1_1_U27                                              | 1   |        | mul_ln42_26 | mul | auto   | 0       |
|    add_ln42_26_fu_390_p2                                                | -   |        | add_ln42_26 | add | fabric | 0       |
|    mul_16s_13ns_26_1_1_U27                                              | 1   |        | mul_ln42_27 | mul | auto   | 0       |
|    add_ln42_27_fu_410_p2                                                | -   |        | add_ln42_27 | add | fabric | 0       |
|    mul_16s_13ns_26_1_1_U27                                              | 1   |        | mul_ln42_28 | mul | auto   | 0       |
|    add_ln42_28_fu_430_p2                                                | -   |        | add_ln42_28 | add | fabric | 0       |
|    mul_16s_13ns_26_1_1_U27                                              | 1   |        | mul_ln42_29 | mul | auto   | 0       |
|    add_ln42_29_fu_450_p2                                                | -   |        | add_ln42_29 | add | fabric | 0       |
|    mul_16s_13ns_26_1_1_U27                                              | 1   |        | mul_ln42_30 | mul | auto   | 0       |
|    add_ln42_30_fu_470_p2                                                | -   |        | add_ln42_30 | add | fabric | 0       |
|    mul_16s_13ns_26_1_1_U27                                              | 1   |        | mul_ln42_31 | mul | auto   | 0       |
|    add_ln42_31_fu_490_p2                                                | -   |        | add_ln42_31 | add | fabric | 0       |
|    mul_16s_13ns_26_1_1_U27                                              | 1   |        | mul_ln42_32 | mul | auto   | 0       |
|    add_ln42_32_fu_510_p2                                                | -   |        | add_ln42_32 | add | fabric | 0       |
|    mul_16s_13ns_26_1_1_U27                                              | 1   |        | mul_ln42_33 | mul | auto   | 0       |
|    add_ln42_33_fu_530_p2                                                | -   |        | add_ln42_33 | add | fabric | 0       |
|    mul_16s_13ns_26_1_1_U27                                              | 1   |        | mul_ln42_34 | mul | auto   | 0       |
|    add_ln42_34_fu_550_p2                                                | -   |        | add_ln42_34 | add | fabric | 0       |
|  + dense_array_ap_ufixed_12u_array_ap_fixed_16_6_5_3_0_1u_config10_s    | 1   |        |             |     |        |         |
|    mul_15ns_9s_24_1_1_U34                                               | 1   |        | mul_ln73    | mul | auto   | 0       |
|    x_fu_684_p2                                                          | -   |        | x           | add | fabric | 0       |
|    in_index_fu_495_p2                                                   | -   |        | in_index    | add | fabric | 0       |
+-------------------------------------------------------------------------+-----+--------+-------------+-----+--------+---------+


================================================================
== Bind Storage Report
================================================================
+----------------------------------------------------------------------+------+------+--------+------------+---------+------+---------+
| Name                                                                 | BRAM | URAM | Pragma | Variable   | Storage | Impl | Latency |
+----------------------------------------------------------------------+------+------+--------+------------+---------+------+---------+
| + myproject                                                          | 4    | 0    |        |            |         |      |         |
|   layer2_out_U                                                       | -    | -    |        | layer2_out | fifo    | srl  | 0       |
|   layer4_out_U                                                       | -    | -    |        | layer4_out | fifo    | srl  | 0       |
|   layer5_out_U                                                       | -    | -    |        | layer5_out | fifo    | srl  | 0       |
|   layer6_out_U                                                       | -    | -    |        | layer6_out | fifo    | srl  | 0       |
|   layer8_out_U                                                       | -    | -    |        | layer8_out | fifo    | srl  | 0       |
|   layer9_out_U                                                       | -    | -    |        | layer9_out | fifo    | srl  | 0       |
|  + dense_array_ap_fixed_53u_array_ap_fixed_16_6_5_3_0_24u_config2_s  | 3    | 0    |        |            |         |      |         |
|    outidx_1_U                                                        | 1    | -    |        | outidx_1   | rom_1p  | auto | 1       |
|    w2_U                                                              | 2    | -    |        | w2         | rom_1p  | auto | 1       |
|  + dense_array_ap_ufixed_24u_array_ap_fixed_16_6_5_3_0_12u_config6_s | 1    | 0    |        |            |         |      |         |
|    outidx_U                                                          | -    | -    |        | outidx     | rom_1p  | auto | 1       |
|    w6_U                                                              | 1    | -    |        | w6         | rom_1p  | auto | 1       |
|  + dense_array_ap_ufixed_12u_array_ap_fixed_16_6_5_3_0_1u_config10_s | 0    | 0    |        |            |         |      |         |
|    w10_U                                                             | -    | -    |        | w10        | rom_1p  | auto | 1       |
+----------------------------------------------------------------------+------+------+--------+------------+---------+------+---------+


================================================================
== Pragma Report
================================================================
* Valid Pragma Syntax
+----------------------+----------------------------------------------------------+----------------------------------------------------------------------------------------+
| Type                 | Options                                                  | Location                                                                               |
+----------------------+----------------------------------------------------------+----------------------------------------------------------------------------------------+
| interface            | axis port=y_timed_input,layer10_out                      | firmware/myproject.cpp:12 in myproject, y_timed_input,layer10_out                      |
| dataflow             |                                                          | firmware/myproject.cpp:13 in myproject                                                 |
| stream               | variable=layer2_out depth=1                              | firmware/myproject.cpp:40 in myproject, layer2_out                                     |
| stream               | variable=layer4_out depth=1                              | firmware/myproject.cpp:44 in myproject, layer4_out                                     |
| stream               | variable=layer5_out depth=1                              | firmware/myproject.cpp:48 in myproject, layer5_out                                     |
| stream               | variable=layer6_out depth=1                              | firmware/myproject.cpp:52 in myproject, layer6_out                                     |
| stream               | variable=layer8_out depth=1                              | firmware/myproject.cpp:56 in myproject, layer8_out                                     |
| stream               | variable=layer9_out depth=1                              | firmware/myproject.cpp:60 in myproject, layer9_out                                     |
| pipeline             |                                                          | firmware/nnet_utils/nnet_activation.h:29 in linear                                     |
| pipeline             |                                                          | firmware/nnet_utils/nnet_activation.h:40 in relu                                       |
| pipeline             |                                                          | firmware/nnet_utils/nnet_activation.h:54 in relu_max                                   |
| pipeline             |                                                          | firmware/nnet_utils/nnet_activation.h:109 in sigmoid                                   |
| pipeline             |                                                          | firmware/nnet_utils/nnet_activation.h:171 in softmax_latency                           |
| array_partition      | variable=exp_res complete                                | firmware/nnet_utils/nnet_activation.h:193 in softmax_latency, exp_res                  |
| unroll               |                                                          | firmware/nnet_utils/nnet_activation.h:196 in softmax_latency                           |
| unroll               |                                                          | firmware/nnet_utils/nnet_activation.h:210 in softmax_latency                           |
| pipeline             |                                                          | firmware/nnet_utils/nnet_activation.h:217 in softmax_stable                            |
| unroll               |                                                          | firmware/nnet_utils/nnet_activation.h:244 in softmax_stable                            |
| array_partition      | variable=exp_res complete                                | firmware/nnet_utils/nnet_activation.h:250 in softmax_stable, exp_res                   |
| unroll               |                                                          | firmware/nnet_utils/nnet_activation.h:253 in softmax_stable                            |
| unroll               |                                                          | firmware/nnet_utils/nnet_activation.h:267 in softmax_stable                            |
| pipeline             |                                                          | firmware/nnet_utils/nnet_activation.h:315 in softmax_legacy                            |
| unroll               |                                                          | firmware/nnet_utils/nnet_activation.h:360 in softmax_argmax                            |
| pipeline             |                                                          | firmware/nnet_utils/nnet_activation.h:368 in softmax_argmax                            |
| inline               |                                                          | firmware/nnet_utils/nnet_activation.h:380 in softmax                                   |
| pipeline             |                                                          | firmware/nnet_utils/nnet_activation.h:427 in tanh                                      |
| pipeline             |                                                          | firmware/nnet_utils/nnet_activation.h:449 in hard_sigmoid                              |
| pipeline             |                                                          | firmware/nnet_utils/nnet_activation.h:464 in hard_tanh                                 |
| pipeline             |                                                          | firmware/nnet_utils/nnet_activation.h:482 in leaky_relu                                |
| pipeline             |                                                          | firmware/nnet_utils/nnet_activation.h:499 in thresholded_relu                          |
| pipeline             |                                                          | firmware/nnet_utils/nnet_activation.h:544 in softplus                                  |
| pipeline             |                                                          | firmware/nnet_utils/nnet_activation.h:593 in softsign                                  |
| pipeline             |                                                          | firmware/nnet_utils/nnet_activation.h:642 in elu                                       |
| pipeline             |                                                          | firmware/nnet_utils/nnet_activation.h:698 in selu                                      |
| pipeline             |                                                          | firmware/nnet_utils/nnet_activation.h:721 in prelu                                     |
| pipeline             |                                                          | firmware/nnet_utils/nnet_activation.h:738 in binary_tanh                               |
| pipeline             |                                                          | firmware/nnet_utils/nnet_activation.h:758 in ternary_tanh                              |
| pipeline             |                                                          | firmware/nnet_utils/nnet_activation_stream.h:20 in linear                              |
| unroll               |                                                          | firmware/nnet_utils/nnet_activation_stream.h:28 in linear                              |
| pipeline             |                                                          | firmware/nnet_utils/nnet_activation_stream.h:42 in relu                                |
| unroll               |                                                          | firmware/nnet_utils/nnet_activation_stream.h:50 in relu                                |
| pipeline             |                                                          | firmware/nnet_utils/nnet_activation_stream.h:81 in sigmoid                             |
| unroll               |                                                          | firmware/nnet_utils/nnet_activation_stream.h:89 in sigmoid                             |
| array_partition      | variable=exp_res complete                                | firmware/nnet_utils/nnet_activation_stream.h:133 in softmax_latency, exp_res           |
| pipeline             | II=ii                                                    | firmware/nnet_utils/nnet_activation_stream.h:137 in softmax_latency                    |
| unroll               |                                                          | firmware/nnet_utils/nnet_activation_stream.h:142 in softmax_latency                    |
| unroll               |                                                          | firmware/nnet_utils/nnet_activation_stream.h:161 in softmax_latency                    |
| allocation           | operation instances=mul limit=multiplier_limit           | firmware/nnet_utils/nnet_activation_stream.h:162 in softmax_latency                    |
| array_partition      | variable=data_array complete                             | firmware/nnet_utils/nnet_activation_stream.h:194 in softmax_stable, data_array         |
| pipeline             | II=ii                                                    | firmware/nnet_utils/nnet_activation_stream.h:197 in softmax_stable                     |
| unroll               |                                                          | firmware/nnet_utils/nnet_activation_stream.h:202 in softmax_stable                     |
| unroll               |                                                          | firmware/nnet_utils/nnet_activation_stream.h:214 in softmax_stable                     |
| array_partition      | variable=exp_res complete                                | firmware/nnet_utils/nnet_activation_stream.h:220 in softmax_stable, exp_res            |
| unroll               |                                                          | firmware/nnet_utils/nnet_activation_stream.h:223 in softmax_stable                     |
| unroll               |                                                          | firmware/nnet_utils/nnet_activation_stream.h:242 in softmax_stable                     |
| allocation           | operation instances=mul limit=multiplier_limit           | firmware/nnet_utils/nnet_activation_stream.h:243 in softmax_stable                     |
| pipeline             |                                                          | firmware/nnet_utils/nnet_activation_stream.h:275 in softmax_legacy                     |
| unroll               |                                                          | firmware/nnet_utils/nnet_activation_stream.h:279 in softmax_legacy                     |
| unroll               |                                                          | firmware/nnet_utils/nnet_activation_stream.h:286 in softmax_legacy                     |
| unroll               |                                                          | firmware/nnet_utils/nnet_activation_stream.h:289 in softmax_legacy                     |
| unroll               |                                                          | firmware/nnet_utils/nnet_activation_stream.h:312 in softmax_legacy                     |
| pipeline             |                                                          | firmware/nnet_utils/nnet_activation_stream.h:329 in softmax_argmax                     |
| unroll               |                                                          | firmware/nnet_utils/nnet_activation_stream.h:334 in softmax_argmax                     |
| pipeline             |                                                          | firmware/nnet_utils/nnet_activation_stream.h:342 in softmax_argmax                     |
| pipeline             |                                                          | firmware/nnet_utils/nnet_activation_stream.h:393 in tanh                               |
| unroll               |                                                          | firmware/nnet_utils/nnet_activation_stream.h:401 in tanh                               |
| pipeline             |                                                          | firmware/nnet_utils/nnet_activation_stream.h:424 in hard_sigmoid                       |
| unroll               |                                                          | firmware/nnet_utils/nnet_activation_stream.h:432 in hard_sigmoid                       |
| pipeline             |                                                          | firmware/nnet_utils/nnet_activation_stream.h:449 in hard_tanh                          |
| unroll               |                                                          | firmware/nnet_utils/nnet_activation_stream.h:457 in hard_tanh                          |
| pipeline             |                                                          | firmware/nnet_utils/nnet_activation_stream.h:478 in leaky_relu                         |
| unroll               |                                                          | firmware/nnet_utils/nnet_activation_stream.h:486 in leaky_relu                         |
| pipeline             |                                                          | firmware/nnet_utils/nnet_activation_stream.h:504 in thresholded_relu                   |
| unroll               |                                                          | firmware/nnet_utils/nnet_activation_stream.h:512 in thresholded_relu                   |
| pipeline             |                                                          | firmware/nnet_utils/nnet_activation_stream.h:543 in softplus                           |
| unroll               |                                                          | firmware/nnet_utils/nnet_activation_stream.h:551 in softplus                           |
| pipeline             |                                                          | firmware/nnet_utils/nnet_activation_stream.h:584 in softsign                           |
| unroll               |                                                          | firmware/nnet_utils/nnet_activation_stream.h:592 in softsign                           |
| pipeline             |                                                          | firmware/nnet_utils/nnet_activation_stream.h:625 in elu                                |
| unroll               |                                                          | firmware/nnet_utils/nnet_activation_stream.h:633 in elu                                |
| pipeline             |                                                          | firmware/nnet_utils/nnet_activation_stream.h:673 in selu                               |
| unroll               |                                                          | firmware/nnet_utils/nnet_activation_stream.h:681 in selu                               |
| pipeline             |                                                          | firmware/nnet_utils/nnet_activation_stream.h:705 in prelu                              |
| unroll               |                                                          | firmware/nnet_utils/nnet_activation_stream.h:713 in prelu                              |
| pipeline             |                                                          | firmware/nnet_utils/nnet_activation_stream.h:730 in binary_tanh                        |
| unroll               |                                                          | firmware/nnet_utils/nnet_activation_stream.h:738 in binary_tanh                        |
| pipeline             |                                                          | firmware/nnet_utils/nnet_activation_stream.h:755 in ternary_tanh                       |
| unroll               |                                                          | firmware/nnet_utils/nnet_activation_stream.h:763 in ternary_tanh                       |
| function_instantiate | variable=scale,bias                                      | firmware/nnet_utils/nnet_batchnorm.h:37 in normalize, scale,bias                       |
| pipeline             | II=CONFIG_T::reuse_factor                                | firmware/nnet_utils/nnet_batchnorm.h:42 in normalize                                   |
| array_partition      | variable=scale complete                                  | firmware/nnet_utils/nnet_batchnorm.h:45 in normalize, scale                            |
| array_partition      | variable=bias complete                                   | firmware/nnet_utils/nnet_batchnorm.h:46 in normalize, bias                             |
| allocation           | operation instances=mul limit=CONFIG_T::multiplier_limit | firmware/nnet_utils/nnet_batchnorm.h:48 in normalize                                   |
| pipeline             |                                                          | firmware/nnet_utils/nnet_batchnorm.h:83 in normalize_binary_tanh                       |
| array_partition      | variable=res complete                                    | firmware/nnet_utils/nnet_batchnorm.h:84 in normalize_binary_tanh, res                  |
| pipeline             |                                                          | firmware/nnet_utils/nnet_batchnorm.h:103 in normalize_ternary_tanh                     |
| array_partition      | variable=res complete                                    | firmware/nnet_utils/nnet_batchnorm.h:104 in normalize_ternary_tanh, res                |
| array_partition      | variable=scale complete                                  | firmware/nnet_utils/nnet_batchnorm_stream.h:18 in normalize, scale                     |
| array_partition      | variable=bias complete                                   | firmware/nnet_utils/nnet_batchnorm_stream.h:19 in normalize, bias                      |
| allocation           | operation instances=mul limit=CONFIG_T::multiplier_limit | firmware/nnet_utils/nnet_batchnorm_stream.h:22 in normalize                            |
| pipeline             | II=ii                                                    | firmware/nnet_utils/nnet_batchnorm_stream.h:26 in normalize                            |
| unroll               |                                                          | firmware/nnet_utils/nnet_batchnorm_stream.h:34 in normalize                            |
| array_partition      | variable=threshold complete                              | firmware/nnet_utils/nnet_batchnorm_stream.h:56 in normalize_binary_tanh, threshold     |
| pipeline             |                                                          | firmware/nnet_utils/nnet_batchnorm_stream.h:60 in normalize_binary_tanh                |
| unroll               |                                                          | firmware/nnet_utils/nnet_batchnorm_stream.h:68 in normalize_binary_tanh                |
| array_partition      | variable=threshold_hi complete                           | firmware/nnet_utils/nnet_batchnorm_stream.h:86 in normalize_ternary_tanh, threshold_hi |
| array_partition      | variable=threshold_lo complete                           | firmware/nnet_utils/nnet_batchnorm_stream.h:87 in normalize_ternary_tanh, threshold_lo |
| pipeline             |                                                          | firmware/nnet_utils/nnet_batchnorm_stream.h:91 in normalize_ternary_tanh               |
| unroll               |                                                          | firmware/nnet_utils/nnet_batchnorm_stream.h:99 in normalize_ternary_tanh               |
| inline               |                                                          | firmware/nnet_utils/nnet_dense.h:39 in dense                                           |
| unroll               |                                                          | firmware/nnet_utils/nnet_dense_compressed.h:15 in fill_mult                            |
| array_partition      | variable=acc complete                                    | firmware/nnet_utils/nnet_dense_compressed.h:29 in dense_compressed, acc                |
| array_partition      | variable=biases complete                                 | firmware/nnet_utils/nnet_dense_compressed.h:30 in dense_compressed, biases             |
| array_reshape        | variable=weights block factor=multiplier_limit           | firmware/nnet_utils/nnet_dense_compressed.h:31 in dense_compressed, weights            |
| aggregate            | variable=weights                                         | firmware/nnet_utils/nnet_dense_compressed.h:34 in dense_compressed, weights            |
| unroll               |                                                          | firmware/nnet_utils/nnet_dense_compressed.h:41 in dense_compressed                     |
| pipeline             | II=1 rewind                                              | firmware/nnet_utils/nnet_dense_compressed.h:49 in dense_compressed                     |
| array_partition      | variable=mult complete                                   | firmware/nnet_utils/nnet_dense_compressed.h:52 in dense_compressed, mult               |
| unroll               |                                                          | firmware/nnet_utils/nnet_dense_compressed.h:56 in dense_compressed                     |
| unroll               |                                                          | firmware/nnet_utils/nnet_dense_compressed.h:62 in dense_compressed                     |
| unroll               |                                                          | firmware/nnet_utils/nnet_dense_compressed.h:82 in dense_compressed                     |
| function_instantiate | variable=weights,biases                                  | firmware/nnet_utils/nnet_dense_latency.h:21 in dense_latency, weights,biases           |
| pipeline             | II=CONFIG_T::reuse_factor                                | firmware/nnet_utils/nnet_dense_latency.h:26 in dense_latency                           |
| array_partition      | variable=biases complete                                 | firmware/nnet_utils/nnet_dense_latency.h:29 in dense_latency, biases                   |
| array_partition      | variable=mult complete                                   | firmware/nnet_utils/nnet_dense_latency.h:30 in dense_latency, mult                     |
| array_partition      | variable=acc complete                                    | firmware/nnet_utils/nnet_dense_latency.h:31 in dense_latency, acc                      |
| allocation           | operation instances=mul limit=CONFIG_T::multiplier_limit | firmware/nnet_utils/nnet_dense_latency.h:33 in dense_latency                           |
| array_partition      | variable=biases complete                                 | firmware/nnet_utils/nnet_dense_resource.h:30 in dense_resource_rf_leq_nin, biases      |
| array_partition      | variable=acc complete                                    | firmware/nnet_utils/nnet_dense_resource.h:33 in dense_resource_rf_leq_nin, acc         |
| unroll               |                                                          | firmware/nnet_utils/nnet_dense_resource.h:37 in dense_resource_rf_leq_nin              |
| pipeline             | II=1 rewind                                              | firmware/nnet_utils/nnet_dense_resource.h:43 in dense_resource_rf_leq_nin              |
| unroll               |                                                          | firmware/nnet_utils/nnet_dense_resource.h:51 in dense_resource_rf_leq_nin              |
| unroll               |                                                          | firmware/nnet_utils/nnet_dense_resource.h:75 in dense_resource_rf_leq_nin              |
| array_partition      | variable=biases complete                                 | firmware/nnet_utils/nnet_dense_resource.h:98 in dense_resource_rf_gt_nin_rem0, biases  |
| array_partition      | variable=acc complete                                    | firmware/nnet_utils/nnet_dense_resource.h:101 in dense_resource_rf_gt_nin_rem0, acc    |
| unroll               |                                                          | firmware/nnet_utils/nnet_dense_resource.h:105 in dense_resource_rf_gt_nin_rem0         |
| pipeline             | II=1 rewind                                              | firmware/nnet_utils/nnet_dense_resource.h:125 in dense_resource_rf_gt_nin_rem0         |
| unroll               |                                                          | firmware/nnet_utils/nnet_dense_resource.h:131 in dense_resource_rf_gt_nin_rem0         |
| unroll               |                                                          | firmware/nnet_utils/nnet_dense_resource.h:150 in dense_resource_rf_gt_nin_rem0         |
| array_partition      | variable=biases complete                                 | firmware/nnet_utils/nnet_dense_resource.h:172 in dense_resource_rf_gt_nin, biases      |
| array_partition      | variable=acc complete                                    | firmware/nnet_utils/nnet_dense_resource.h:175 in dense_resource_rf_gt_nin, acc         |
| unroll               |                                                          | firmware/nnet_utils/nnet_dense_resource.h:179 in dense_resource_rf_gt_nin              |
| pipeline             | II=1 rewind                                              | firmware/nnet_utils/nnet_dense_resource.h:185 in dense_resource_rf_gt_nin              |
| array_partition      | variable=tmpmult complete                                | firmware/nnet_utils/nnet_dense_resource.h:187 in dense_resource_rf_gt_nin, tmpmult     |
| unroll               |                                                          | firmware/nnet_utils/nnet_dense_resource.h:191 in dense_resource_rf_gt_nin              |
| array_partition      | variable=mult complete                                   | firmware/nnet_utils/nnet_dense_resource.h:199 in dense_resource_rf_gt_nin, mult        |
| unroll               |                                                          | firmware/nnet_utils/nnet_dense_resource.h:203 in dense_resource_rf_gt_nin              |
| unroll               |                                                          | firmware/nnet_utils/nnet_dense_resource.h:209 in dense_resource_rf_gt_nin              |
| unroll               |                                                          | firmware/nnet_utils/nnet_dense_resource.h:219 in dense_resource_rf_gt_nin              |
| unroll               |                                                          | firmware/nnet_utils/nnet_dense_resource.h:227 in dense_resource_rf_gt_nin              |
| inline               | recursive                                                | firmware/nnet_utils/nnet_dense_resource.h:237 in dense_resource                        |
| pipeline             | II=CONFIG_T::reuse_factor                                | firmware/nnet_utils/nnet_dense_stream.h:16 in dense_latency_wrapper                    |
| inline               |                                                          | firmware/nnet_utils/nnet_dense_stream.h:29 in data_prepare                             |
| pipeline             |                                                          | firmware/nnet_utils/nnet_dense_stream.h:34 in data_prepare                             |
| unroll               |                                                          | firmware/nnet_utils/nnet_dense_stream.h:38 in data_prepare                             |
| unroll               |                                                          | firmware/nnet_utils/nnet_dense_stream.h:46 in data_prepare                             |
| inline               |                                                          | firmware/nnet_utils/nnet_dense_stream.h:54 in res_write                                |
| pipeline             |                                                          | firmware/nnet_utils/nnet_dense_stream.h:59 in res_write                                |
| unroll               |                                                          | firmware/nnet_utils/nnet_dense_stream.h:64 in res_write                                |
| unroll               |                                                          | firmware/nnet_utils/nnet_dense_stream.h:74 in res_write                                |
| inline               | recursive                                                | firmware/nnet_utils/nnet_dense_stream.h:85 in dense                                    |
| array_partition      | variable=data complete                                   | firmware/nnet_utils/nnet_dense_stream.h:88 in dense, data                              |
| array_partition      | variable=res complete                                    | firmware/nnet_utils/nnet_dense_stream.h:91 in dense, res                               |
| inline               |                                                          | firmware/nnet_utils/nnet_mult.h:25 in product                                          |
| inline               |                                                          | firmware/nnet_utils/nnet_mult.h:34 in product                                          |
| inline               |                                                          | firmware/nnet_utils/nnet_mult.h:46 in product                                          |
| inline               |                                                          | firmware/nnet_utils/nnet_mult.h:58 in product                                          |
| inline               |                                                          | firmware/nnet_utils/nnet_mult.h:72 in product                                          |
| inline               |                                                          | firmware/nnet_utils/nnet_mult.h:82 in product                                          |
| pipeline             |                                                          | firmware/nnet_utils/nnet_stream.h:23 in clone_stream                                   |
| unroll               |                                                          | firmware/nnet_utils/nnet_stream.h:33 in clone_stream                                   |
| pipeline             |                                                          | firmware/nnet_utils/nnet_stream.h:47 in clone_stream                                   |
| unroll               |                                                          | firmware/nnet_utils/nnet_stream.h:59 in clone_stream                                   |
| pipeline             |                                                          | firmware/nnet_utils/nnet_stream.h:74 in repack_stream                                  |
| unroll               |                                                          | firmware/nnet_utils/nnet_stream.h:81 in repack_stream                                  |
| pipeline             |                                                          | firmware/nnet_utils/nnet_stream.h:91 in repack_stream                                  |
| pipeline             |                                                          | firmware/nnet_utils/nnet_stream.h:99 in repack_stream                                  |
| unroll               |                                                          | firmware/nnet_utils/nnet_stream.h:103 in repack_stream                                 |
| pipeline             |                                                          | firmware/nnet_utils/nnet_stream.h:114 in repack_stream                                 |
| unroll               |                                                          | firmware/nnet_utils/nnet_stream.h:118 in repack_stream                                 |
| pipeline             |                                                          | firmware/nnet_utils/nnet_stream.h:139 in broadcast_stream_1x1xc                        |
| pipeline             |                                                          | firmware/nnet_utils/nnet_stream.h:142 in broadcast_stream_1x1xc                        |
| unroll               |                                                          | firmware/nnet_utils/nnet_stream.h:146 in broadcast_stream_1x1xc                        |
| pipeline             |                                                          | firmware/nnet_utils/nnet_stream.h:160 in broadcast_stream_hxwx1                        |
| unroll               |                                                          | firmware/nnet_utils/nnet_stream.h:165 in broadcast_stream_hxwx1                        |
| array_partition      | variable=data_array complete                             | firmware/nnet_utils/nnet_stream.h:185 in transpose_2d, data_array                      |
| pipeline             |                                                          | firmware/nnet_utils/nnet_stream.h:188 in transpose_2d                                  |
| pipeline             |                                                          | firmware/nnet_utils/nnet_stream.h:196 in transpose_2d                                  |
| unroll               |                                                          | firmware/nnet_utils/nnet_types.h:28 in operator=                                       |
+----------------------+----------------------------------------------------------+----------------------------------------------------------------------------------------+


