

================================================================
== Vitis HLS Report for 'sigmoid_array_array_ap_fixed_16_6_5_3_0_1u_sigmoid_config18_s'
================================================================
* Date:           Wed Aug 14 12:14:52 2024

* Version:        2023.1 (Build 3854077 on May  4 2023)
* Project:        myproject_prj
* Solution:       solution1 (Vivado IP Flow Target)
* Product family: virtexuplus
* Target device:  xcvu13p-flga2577-2-e


================================================================
== Performance Estimates
================================================================
+ Timing: 
    * Summary: 
    +--------+---------+----------+------------+
    |  Clock |  Target | Estimated| Uncertainty|
    +--------+---------+----------+------------+
    |ap_clk  |  5.00 ns|  4.141 ns|     0.62 ns|
    +--------+---------+----------+------------+

+ Latency: 
    * Summary: 
    +---------+---------+-----------+-----------+-----+-----+---------+
    |  Latency (cycles) |   Latency (absolute)  |  Interval | Pipeline|
    |   min   |   max   |    min    |    max    | min | max |   Type  |
    +---------+---------+-----------+-----------+-----+-----+---------+
    |        3|        3|  15.000 ns|  15.000 ns|    3|    3|       no|
    +---------+---------+-----------+-----------+-----+-----+---------+

    + Detail: 
        * Instance: 
        N/A

        * Loop: 
        N/A



================================================================
== Utilization Estimates
================================================================
* Summary: 
+---------------------+---------+-------+---------+---------+------+
|         Name        | BRAM_18K|  DSP  |    FF   |   LUT   | URAM |
+---------------------+---------+-------+---------+---------+------+
|DSP                  |        -|      -|        -|        -|     -|
|Expression           |        -|      -|        0|      157|     -|
|FIFO                 |        -|      -|        -|        -|     -|
|Instance             |        -|      -|        -|        -|     -|
|Memory               |        1|      -|        0|        0|     -|
|Multiplexer          |        -|      -|        -|       53|     -|
|Register             |        -|      -|       15|        -|     -|
+---------------------+---------+-------+---------+---------+------+
|Total                |        1|      0|       15|      210|     0|
+---------------------+---------+-------+---------+---------+------+
|Available SLR        |     1344|   3072|   864000|   432000|   320|
+---------------------+---------+-------+---------+---------+------+
|Utilization SLR (%)  |       ~0|      0|       ~0|       ~0|     0|
+---------------------+---------+-------+---------+---------+------+
|Available            |     5376|  12288|  3456000|  1728000|  1280|
+---------------------+---------+-------+---------+---------+------+
|Utilization (%)      |       ~0|      0|       ~0|       ~0|     0|
+---------------------+---------+-------+---------+---------+------+

+ Detail: 
    * Instance: 
    N/A

    * DSP: 
    N/A

    * Memory: 
    +-----------------+----------------------------------------------------------------------------------+---------+---+----+-----+------+-----+------+-------------+
    |      Memory     |                                      Module                                      | BRAM_18K| FF| LUT| URAM| Words| Bits| Banks| W*Bits*Banks|
    +-----------------+----------------------------------------------------------------------------------+---------+---+----+-----+------+-----+------+-------------+
    |sigmoid_table_U  |sigmoid_array_array_ap_fixed_16_6_5_3_0_1u_sigmoid_config18_s_sigmoid_table_R1iI  |        1|  0|   0|    0|  1024|   10|     1|        10240|
    +-----------------+----------------------------------------------------------------------------------+---------+---+----+-----+------+-----+------+-------------+
    |Total            |                                                                                  |        1|  0|   0|    0|  1024|   10|     1|        10240|
    +-----------------+----------------------------------------------------------------------------------+---------+---+----+-----+------+-----+------+-------------+

    * FIFO: 
    N/A

    * Expression: 
    +-----------------------+----------+----+---+----+------------+------------+
    |     Variable Name     | Operation| DSP| FF| LUT| Bitwidth P0| Bitwidth P1|
    +-----------------------+----------+----+---+----+------------+------------+
    |add_ln90_fu_136_p2     |         +|   0|  0|  20|          13|           1|
    |index_fu_162_p2        |         +|   0|  0|  20|          13|          10|
    |icmp_ln90_1_fu_130_p2  |      icmp|   0|  0|  17|          10|           1|
    |icmp_ln90_fu_112_p2    |      icmp|   0|  0|  33|          26|           5|
    |icmp_ln94_fu_192_p2    |      icmp|   0|  0|  10|           3|           1|
    |ap_block_state1        |        or|   0|  0|   2|           1|           1|
    |ap_block_state4        |        or|   0|  0|   2|           1|           1|
    |or_ln92_fu_220_p2      |        or|   0|  0|   2|           1|           1|
    |data_round_fu_150_p3   |    select|   0|  0|  13|           1|          13|
    |index_1_fu_226_p3      |    select|   0|  0|  10|           1|          10|
    |select_ln90_fu_142_p3  |    select|   0|  0|  13|           1|          13|
    |select_ln92_fu_212_p3  |    select|   0|  0|   2|           1|           2|
    |xor_ln91_fu_168_p2     |       xor|   0|  0|  11|          10|          11|
    |xor_ln92_fu_206_p2     |       xor|   0|  0|   2|           1|           2|
    +-----------------------+----------+----+---+----+------------+------------+
    |Total                  |          |   0|  0| 157|          83|          72|
    +-----------------------+----------+----+---+----+------------+------------+

    * Multiplexer: 
    +-------------------------+----+-----------+-----+-----------+
    |           Name          | LUT| Input Size| Bits| Total Bits|
    +-------------------------+----+-----------+-----+-----------+
    |ap_NS_fsm                |  26|          5|    1|          5|
    |ap_done                  |   9|          2|    1|          2|
    |layer16_out_blk_n        |   9|          2|    1|          2|
    |layer18_out_TDATA_blk_n  |   9|          2|    1|          2|
    +-------------------------+----+-----------+-----+-----------+
    |Total                    |  53|         11|    4|         11|
    +-------------------------+----+-----------+-----+-----------+

    * Register: 
    +-----------------+----+----+-----+-----------+
    |       Name      | FF | LUT| Bits| Const Bits|
    +-----------------+----+----+-----+-----------+
    |ap_CS_fsm        |   4|   0|    4|          0|
    |ap_done_reg      |   1|   0|    1|          0|
    |index_1_reg_243  |  10|   0|   10|          0|
    +-----------------+----+----+-----+-----------+
    |Total            |  15|   0|   15|          0|
    +-----------------+----+----+-----+-----------+



================================================================
== Interface
================================================================
* Summary: 
+----------------------------+-----+-----+------------+----------------------------------------------------------------+--------------+
|          RTL Ports         | Dir | Bits|  Protocol  |                          Source Object                         |    C Type    |
+----------------------------+-----+-----+------------+----------------------------------------------------------------+--------------+
|ap_clk                      |   in|    1|  ap_ctrl_hs|  sigmoid<array,array<ap_fixed<16,6,5,3,0>,1u>,sigmoid_config18>|  return value|
|ap_rst                      |   in|    1|  ap_ctrl_hs|  sigmoid<array,array<ap_fixed<16,6,5,3,0>,1u>,sigmoid_config18>|  return value|
|ap_start                    |   in|    1|  ap_ctrl_hs|  sigmoid<array,array<ap_fixed<16,6,5,3,0>,1u>,sigmoid_config18>|  return value|
|ap_done                     |  out|    1|  ap_ctrl_hs|  sigmoid<array,array<ap_fixed<16,6,5,3,0>,1u>,sigmoid_config18>|  return value|
|ap_continue                 |   in|    1|  ap_ctrl_hs|  sigmoid<array,array<ap_fixed<16,6,5,3,0>,1u>,sigmoid_config18>|  return value|
|ap_idle                     |  out|    1|  ap_ctrl_hs|  sigmoid<array,array<ap_fixed<16,6,5,3,0>,1u>,sigmoid_config18>|  return value|
|ap_ready                    |  out|    1|  ap_ctrl_hs|  sigmoid<array,array<ap_fixed<16,6,5,3,0>,1u>,sigmoid_config18>|  return value|
|layer16_out_dout            |   in|   16|     ap_fifo|                                                     layer16_out|       pointer|
|layer16_out_num_data_valid  |   in|    2|     ap_fifo|                                                     layer16_out|       pointer|
|layer16_out_fifo_cap        |   in|    2|     ap_fifo|                                                     layer16_out|       pointer|
|layer16_out_empty_n         |   in|    1|     ap_fifo|                                                     layer16_out|       pointer|
|layer16_out_read            |  out|    1|     ap_fifo|                                                     layer16_out|       pointer|
|layer18_out_TDATA           |  out|   16|        axis|                                                     layer18_out|       pointer|
|layer18_out_TVALID          |  out|    1|        axis|                                                     layer18_out|       pointer|
|layer18_out_TREADY          |   in|    1|        axis|                                                     layer18_out|       pointer|
+----------------------------+-----+-----+------------+----------------------------------------------------------------+--------------+

