

================================================================
== Vitis HLS Report for 'zeropad2d_cl_array_ap_fixed_1u_array_ap_fixed_16_6_5_3_0_1u_config19_s'
================================================================
* Date:           Wed Aug 14 12:14:38 2024

* Version:        2023.1 (Build 3854077 on May  4 2023)
* Project:        myproject_prj
* Solution:       solution1 (Vivado IP Flow Target)
* Product family: virtexuplus
* Target device:  xcvu13p-flga2577-2-e


================================================================
== Performance Estimates
================================================================
+ Timing: 
    * Summary: 
    +--------+---------+----------+------------+
    |  Clock |  Target | Estimated| Uncertainty|
    +--------+---------+----------+------------+
    |ap_clk  |  5.00 ns|  1.233 ns|     0.62 ns|
    +--------+---------+----------+------------+

+ Latency: 
    * Summary: 
    +---------+---------+----------+----------+-----+-----+---------+
    |  Latency (cycles) |  Latency (absolute) |  Interval | Pipeline|
    |   min   |   max   |    min   |    max   | min | max |   Type  |
    +---------+---------+----------+----------+-----+-----+---------+
    |      163|      163|  0.815 us|  0.815 us|  163|  163|       no|
    +---------+---------+----------+----------+-----+-----+---------+

    + Detail: 
        * Instance: 
        +-----------------------------------------------------------------------------------------+-------------------------------------------------------------------------------+---------+---------+-----------+-----------+-----+-----+---------+
        |                                                                                         |                                                                               |  Latency (cycles) |   Latency (absolute)  |  Interval | Pipeline|
        |                                         Instance                                        |                                     Module                                    |   min   |   max   |    min    |    max    | min | max |   Type  |
        +-----------------------------------------------------------------------------------------+-------------------------------------------------------------------------------+---------+---------+-----------+-----------+-----+-----+---------+
        |grp_zeropad2d_cl_array_array_ap_fixed_16_6_5_3_0_1u_config19_Pipeline_PadTopWidth_fu_28  |zeropad2d_cl_array_array_ap_fixed_16_6_5_3_0_1u_config19_Pipeline_PadTopWidth  |       17|       17|  85.000 ns|  85.000 ns|   17|   17|       no|
        |grp_zeropad2d_cl_array_array_ap_fixed_16_6_5_3_0_1u_config19_Pipeline_PadMain_fu_34      |zeropad2d_cl_array_array_ap_fixed_16_6_5_3_0_1u_config19_Pipeline_PadMain      |      122|      122|   0.610 us|   0.610 us|  122|  122|       no|
        |grp_zeropad2d_cl_array_array_ap_fixed_1u_config19_Pipeline_PadBottomWidth_fu_42          |zeropad2d_cl_array_array_ap_fixed_1u_config19_Pipeline_PadBottomWidth          |       17|       17|  85.000 ns|  85.000 ns|   17|   17|       no|
        +-----------------------------------------------------------------------------------------+-------------------------------------------------------------------------------+---------+---------+-----------+-----------+-----+-----+---------+

        * Loop: 
        N/A



================================================================
== Utilization Estimates
================================================================
* Summary: 
+---------------------+---------+-------+---------+---------+------+
|         Name        | BRAM_18K|  DSP  |    FF   |   LUT   | URAM |
+---------------------+---------+-------+---------+---------+------+
|DSP                  |        -|      -|        -|        -|     -|
|Expression           |        -|      -|        0|        2|     -|
|FIFO                 |        -|      -|        -|        -|     -|
|Instance             |        -|      -|       53|      333|     -|
|Memory               |        -|      -|        -|        -|     -|
|Multiplexer          |        -|      -|        -|      110|     -|
|Register             |        -|      -|       13|        -|     -|
+---------------------+---------+-------+---------+---------+------+
|Total                |        0|      0|       66|      445|     0|
+---------------------+---------+-------+---------+---------+------+
|Available SLR        |     1344|   3072|   864000|   432000|   320|
+---------------------+---------+-------+---------+---------+------+
|Utilization SLR (%)  |        0|      0|       ~0|       ~0|     0|
+---------------------+---------+-------+---------+---------+------+
|Available            |     5376|  12288|  3456000|  1728000|  1280|
+---------------------+---------+-------+---------+---------+------+
|Utilization (%)      |        0|      0|       ~0|       ~0|     0|
+---------------------+---------+-------+---------+---------+------+

+ Detail: 
    * Instance: 
    +-----------------------------------------------------------------------------------------+-------------------------------------------------------------------------------+---------+----+----+-----+-----+
    |                                         Instance                                        |                                     Module                                    | BRAM_18K| DSP| FF | LUT | URAM|
    +-----------------------------------------------------------------------------------------+-------------------------------------------------------------------------------+---------+----+----+-----+-----+
    |grp_zeropad2d_cl_array_array_ap_fixed_16_6_5_3_0_1u_config19_Pipeline_PadMain_fu_34      |zeropad2d_cl_array_array_ap_fixed_16_6_5_3_0_1u_config19_Pipeline_PadMain      |        0|   0|  39|  187|    0|
    |grp_zeropad2d_cl_array_array_ap_fixed_16_6_5_3_0_1u_config19_Pipeline_PadTopWidth_fu_28  |zeropad2d_cl_array_array_ap_fixed_16_6_5_3_0_1u_config19_Pipeline_PadTopWidth  |        0|   0|   7|   73|    0|
    |grp_zeropad2d_cl_array_array_ap_fixed_1u_config19_Pipeline_PadBottomWidth_fu_42          |zeropad2d_cl_array_array_ap_fixed_1u_config19_Pipeline_PadBottomWidth          |        0|   0|   7|   73|    0|
    +-----------------------------------------------------------------------------------------+-------------------------------------------------------------------------------+---------+----+----+-----+-----+
    |Total                                                                                    |                                                                               |        0|   0|  53|  333|    0|
    +-----------------------------------------------------------------------------------------+-------------------------------------------------------------------------------+---------+----+----+-----+-----+

    * DSP: 
    N/A

    * Memory: 
    N/A

    * FIFO: 
    N/A

    * Expression: 
    +-----------------+----------+----+---+----+------------+------------+
    |  Variable Name  | Operation| DSP| FF| LUT| Bitwidth P0| Bitwidth P1|
    +-----------------+----------+----+---+----+------------+------------+
    |ap_block_state1  |        or|   0|  0|   2|           1|           1|
    +-----------------+----------+----+---+----+------------+------------+
    |Total            |          |   0|  0|   2|           1|           1|
    +-----------------+----------+----+---+----+------------+------------+

    * Multiplexer: 
    +-------------------------------------+----+-----------+-----+-----------+
    |                 Name                | LUT| Input Size| Bits| Total Bits|
    +-------------------------------------+----+-----------+-----+-----------+
    |ap_NS_fsm                            |  49|          9|    1|          9|
    |ap_done                              |   9|          2|    1|          2|
    |layer19_out_din                      |  14|          3|   16|         48|
    |layer19_out_write                    |  20|          4|    1|          4|
    |real_start                           |   9|          2|    1|          2|
    |y_profile_input_TREADY_int_regslice  |   9|          2|    1|          2|
    +-------------------------------------+----+-----------+-----+-----------+
    |Total                                | 110|         22|   21|         67|
    +-------------------------------------+----+-----------+-----+-----------+

    * Register: 
    +------------------------------------------------------------------------------------------------------+---+----+-----+-----------+
    |                                                 Name                                                 | FF| LUT| Bits| Const Bits|
    +------------------------------------------------------------------------------------------------------+---+----+-----+-----------+
    |ap_CS_fsm                                                                                             |  8|   0|    8|          0|
    |ap_done_reg                                                                                           |  1|   0|    1|          0|
    |grp_zeropad2d_cl_array_array_ap_fixed_16_6_5_3_0_1u_config19_Pipeline_PadMain_fu_34_ap_start_reg      |  1|   0|    1|          0|
    |grp_zeropad2d_cl_array_array_ap_fixed_16_6_5_3_0_1u_config19_Pipeline_PadTopWidth_fu_28_ap_start_reg  |  1|   0|    1|          0|
    |grp_zeropad2d_cl_array_array_ap_fixed_1u_config19_Pipeline_PadBottomWidth_fu_42_ap_start_reg          |  1|   0|    1|          0|
    |start_once_reg                                                                                        |  1|   0|    1|          0|
    +------------------------------------------------------------------------------------------------------+---+----+-----+-----------+
    |Total                                                                                                 | 13|   0|   13|          0|
    +------------------------------------------------------------------------------------------------------+---+----+-----+-----------+



================================================================
== Interface
================================================================
* Summary: 
+----------------------------+-----+-----+------------+--------------------------------------------------------------------------+--------------+
|          RTL Ports         | Dir | Bits|  Protocol  |                               Source Object                              |    C Type    |
+----------------------------+-----+-----+------------+--------------------------------------------------------------------------+--------------+
|ap_clk                      |   in|    1|  ap_ctrl_hs|  zeropad2d_cl<array<ap_fixed,1u>,array<ap_fixed<16,6,5,3,0>,1u>,config19>|  return value|
|ap_rst                      |   in|    1|  ap_ctrl_hs|  zeropad2d_cl<array<ap_fixed,1u>,array<ap_fixed<16,6,5,3,0>,1u>,config19>|  return value|
|ap_start                    |   in|    1|  ap_ctrl_hs|  zeropad2d_cl<array<ap_fixed,1u>,array<ap_fixed<16,6,5,3,0>,1u>,config19>|  return value|
|start_full_n                |   in|    1|  ap_ctrl_hs|  zeropad2d_cl<array<ap_fixed,1u>,array<ap_fixed<16,6,5,3,0>,1u>,config19>|  return value|
|ap_done                     |  out|    1|  ap_ctrl_hs|  zeropad2d_cl<array<ap_fixed,1u>,array<ap_fixed<16,6,5,3,0>,1u>,config19>|  return value|
|ap_continue                 |   in|    1|  ap_ctrl_hs|  zeropad2d_cl<array<ap_fixed,1u>,array<ap_fixed<16,6,5,3,0>,1u>,config19>|  return value|
|ap_idle                     |  out|    1|  ap_ctrl_hs|  zeropad2d_cl<array<ap_fixed,1u>,array<ap_fixed<16,6,5,3,0>,1u>,config19>|  return value|
|ap_ready                    |  out|    1|  ap_ctrl_hs|  zeropad2d_cl<array<ap_fixed,1u>,array<ap_fixed<16,6,5,3,0>,1u>,config19>|  return value|
|start_out                   |  out|    1|  ap_ctrl_hs|  zeropad2d_cl<array<ap_fixed,1u>,array<ap_fixed<16,6,5,3,0>,1u>,config19>|  return value|
|start_write                 |  out|    1|  ap_ctrl_hs|  zeropad2d_cl<array<ap_fixed,1u>,array<ap_fixed<16,6,5,3,0>,1u>,config19>|  return value|
|y_profile_input_TDATA       |   in|   16|        axis|                                                           y_profile_input|       pointer|
|y_profile_input_TVALID      |   in|    1|        axis|                                                           y_profile_input|       pointer|
|y_profile_input_TREADY      |  out|    1|        axis|                                                           y_profile_input|       pointer|
|layer19_out_din             |  out|   16|     ap_fifo|                                                               layer19_out|       pointer|
|layer19_out_num_data_valid  |   in|    9|     ap_fifo|                                                               layer19_out|       pointer|
|layer19_out_fifo_cap        |   in|    9|     ap_fifo|                                                               layer19_out|       pointer|
|layer19_out_full_n          |   in|    1|     ap_fifo|                                                               layer19_out|       pointer|
|layer19_out_write           |  out|    1|     ap_fifo|                                                               layer19_out|       pointer|
+----------------------------+-----+-----+------------+--------------------------------------------------------------------------+--------------+

