

================================================================
== Vitis HLS Report for 'normalize_ap_fixed_16_6_5_3_0_ap_fixed_15_5_5_3_0_config14_s'
================================================================
* Date:           Wed Jul 10 16:50:39 2024

* Version:        2023.1 (Build 3854077 on May  4 2023)
* Project:        myproject_prj
* Solution:       solution1 (Vivado IP Flow Target)
* Product family: virtexuplus
* Target device:  xcvu13p-flga2577-2-e


================================================================
== Performance Estimates
================================================================
+ Timing: 
    * Summary: 
    +--------+----------+----------+------------+
    |  Clock |  Target  | Estimated| Uncertainty|
    +--------+----------+----------+------------+
    |ap_clk  |  25.00 ns|  0.827 ns|     3.12 ns|
    +--------+----------+----------+------------+

+ Latency: 
    * Summary: 
    +---------+---------+----------+----------+-----+-----+---------+
    |  Latency (cycles) |  Latency (absolute) |  Interval | Pipeline|
    |   min   |   max   |    min   |    max   | min | max |   Type  |
    +---------+---------+----------+----------+-----+-----+---------+
    |        0|        0|      0 ns|      0 ns|    1|    1|      yes|
    +---------+---------+----------+----------+-----+-----+---------+

    + Detail: 
        * Instance: 
        N/A

        * Loop: 
        N/A



================================================================
== Utilization Estimates
================================================================
* Summary: 
+---------------------+---------+-------+---------+---------+------+
|         Name        | BRAM_18K|  DSP  |    FF   |   LUT   | URAM |
+---------------------+---------+-------+---------+---------+------+
|DSP                  |        -|      -|        -|        -|     -|
|Expression           |        -|      -|        0|      480|     -|
|FIFO                 |        -|      -|        -|        -|     -|
|Instance             |        -|      -|        -|        -|     -|
|Memory               |        -|      -|        -|        -|     -|
|Multiplexer          |        -|      -|        -|        -|     -|
|Register             |        -|      -|        -|        -|     -|
+---------------------+---------+-------+---------+---------+------+
|Total                |        0|      0|        0|      480|     0|
+---------------------+---------+-------+---------+---------+------+
|Available SLR        |     1344|   3072|   864000|   432000|   320|
+---------------------+---------+-------+---------+---------+------+
|Utilization SLR (%)  |        0|      0|        0|       ~0|     0|
+---------------------+---------+-------+---------+---------+------+
|Available            |     5376|  12288|  3456000|  1728000|  1280|
+---------------------+---------+-------+---------+---------+------+
|Utilization (%)      |        0|      0|        0|       ~0|     0|
+---------------------+---------+-------+---------+---------+------+

+ Detail: 
    * Instance: 
    N/A

    * DSP: 
    N/A

    * Memory: 
    N/A

    * FIFO: 
    N/A

    * Expression: 
    +-----------------------+----------+----+---+----+------------+------------+
    |     Variable Name     | Operation| DSP| FF| LUT| Bitwidth P0| Bitwidth P1|
    +-----------------------+----------+----+---+----+------------+------------+
    |add_ln54_49_fu_226_p2  |         +|   0|  0|  30|          23|          17|
    |add_ln54_50_fu_250_p2  |         +|   0|  0|  30|          23|          14|
    |add_ln54_51_fu_274_p2  |         +|   0|  0|  30|          23|          13|
    |add_ln54_52_fu_298_p2  |         +|   0|  0|  30|          23|          17|
    |add_ln54_53_fu_322_p2  |         +|   0|  0|  30|          23|          17|
    |add_ln54_54_fu_346_p2  |         +|   0|  0|  30|          23|          16|
    |add_ln54_55_fu_370_p2  |         +|   0|  0|  30|          23|          15|
    |add_ln54_56_fu_394_p2  |         +|   0|  0|  30|          23|          16|
    |add_ln54_57_fu_418_p2  |         +|   0|  0|  30|          23|          16|
    |add_ln54_58_fu_442_p2  |         +|   0|  0|  30|          23|          18|
    |add_ln54_59_fu_466_p2  |         +|   0|  0|  30|          23|          18|
    |add_ln54_60_fu_490_p2  |         +|   0|  0|  30|          23|          18|
    |add_ln54_61_fu_514_p2  |         +|   0|  0|  30|          23|          18|
    |add_ln54_62_fu_538_p2  |         +|   0|  0|  30|          23|          18|
    |add_ln54_63_fu_562_p2  |         +|   0|  0|  30|          23|          17|
    |add_ln54_fu_202_p2     |         +|   0|  0|  30|          23|          16|
    +-----------------------+----------+----+---+----+------------+------------+
    |Total                  |          |   0|  0| 480|         368|         264|
    +-----------------------+----------+----+---+----+------------+------------+

    * Multiplexer: 
    N/A

    * Register: 
    N/A



================================================================
== Interface
================================================================
* Summary: 
+--------------+-----+-----+------------+-------------------------------------------------------------------------+--------------+
|   RTL Ports  | Dir | Bits|  Protocol  |                              Source Object                              |    C Type    |
+--------------+-----+-----+------------+-------------------------------------------------------------------------+--------------+
|ap_ready      |  out|    1|  ap_ctrl_hs|  normalize<ap_fixed<16, 6, 5, 3, 0>, ap_fixed<15, 5, 5, 3, 0>, config14>|  return value|
|ap_return_0   |  out|   15|  ap_ctrl_hs|  normalize<ap_fixed<16, 6, 5, 3, 0>, ap_fixed<15, 5, 5, 3, 0>, config14>|  return value|
|ap_return_1   |  out|   15|  ap_ctrl_hs|  normalize<ap_fixed<16, 6, 5, 3, 0>, ap_fixed<15, 5, 5, 3, 0>, config14>|  return value|
|ap_return_2   |  out|   15|  ap_ctrl_hs|  normalize<ap_fixed<16, 6, 5, 3, 0>, ap_fixed<15, 5, 5, 3, 0>, config14>|  return value|
|ap_return_3   |  out|   15|  ap_ctrl_hs|  normalize<ap_fixed<16, 6, 5, 3, 0>, ap_fixed<15, 5, 5, 3, 0>, config14>|  return value|
|ap_return_4   |  out|   15|  ap_ctrl_hs|  normalize<ap_fixed<16, 6, 5, 3, 0>, ap_fixed<15, 5, 5, 3, 0>, config14>|  return value|
|ap_return_5   |  out|   15|  ap_ctrl_hs|  normalize<ap_fixed<16, 6, 5, 3, 0>, ap_fixed<15, 5, 5, 3, 0>, config14>|  return value|
|ap_return_6   |  out|   15|  ap_ctrl_hs|  normalize<ap_fixed<16, 6, 5, 3, 0>, ap_fixed<15, 5, 5, 3, 0>, config14>|  return value|
|ap_return_7   |  out|   15|  ap_ctrl_hs|  normalize<ap_fixed<16, 6, 5, 3, 0>, ap_fixed<15, 5, 5, 3, 0>, config14>|  return value|
|ap_return_8   |  out|   15|  ap_ctrl_hs|  normalize<ap_fixed<16, 6, 5, 3, 0>, ap_fixed<15, 5, 5, 3, 0>, config14>|  return value|
|ap_return_9   |  out|   15|  ap_ctrl_hs|  normalize<ap_fixed<16, 6, 5, 3, 0>, ap_fixed<15, 5, 5, 3, 0>, config14>|  return value|
|ap_return_10  |  out|   15|  ap_ctrl_hs|  normalize<ap_fixed<16, 6, 5, 3, 0>, ap_fixed<15, 5, 5, 3, 0>, config14>|  return value|
|ap_return_11  |  out|   15|  ap_ctrl_hs|  normalize<ap_fixed<16, 6, 5, 3, 0>, ap_fixed<15, 5, 5, 3, 0>, config14>|  return value|
|ap_return_12  |  out|   15|  ap_ctrl_hs|  normalize<ap_fixed<16, 6, 5, 3, 0>, ap_fixed<15, 5, 5, 3, 0>, config14>|  return value|
|ap_return_13  |  out|   15|  ap_ctrl_hs|  normalize<ap_fixed<16, 6, 5, 3, 0>, ap_fixed<15, 5, 5, 3, 0>, config14>|  return value|
|ap_return_14  |  out|   15|  ap_ctrl_hs|  normalize<ap_fixed<16, 6, 5, 3, 0>, ap_fixed<15, 5, 5, 3, 0>, config14>|  return value|
|ap_return_15  |  out|   15|  ap_ctrl_hs|  normalize<ap_fixed<16, 6, 5, 3, 0>, ap_fixed<15, 5, 5, 3, 0>, config14>|  return value|
|data_0_val    |   in|   15|     ap_none|                                                               data_0_val|        scalar|
|data_1_val    |   in|   15|     ap_none|                                                               data_1_val|        scalar|
|data_2_val    |   in|   15|     ap_none|                                                               data_2_val|        scalar|
|data_3_val    |   in|   15|     ap_none|                                                               data_3_val|        scalar|
|data_4_val    |   in|   16|     ap_none|                                                               data_4_val|        scalar|
|data_5_val    |   in|   15|     ap_none|                                                               data_5_val|        scalar|
|data_6_val    |   in|   15|     ap_none|                                                               data_6_val|        scalar|
|data_7_val    |   in|   16|     ap_none|                                                               data_7_val|        scalar|
|data_8_val    |   in|   15|     ap_none|                                                               data_8_val|        scalar|
|data_9_val    |   in|   15|     ap_none|                                                               data_9_val|        scalar|
|data_10_val   |   in|   15|     ap_none|                                                              data_10_val|        scalar|
|data_11_val   |   in|   15|     ap_none|                                                              data_11_val|        scalar|
|data_12_val   |   in|   16|     ap_none|                                                              data_12_val|        scalar|
|data_13_val   |   in|   16|     ap_none|                                                              data_13_val|        scalar|
|data_14_val   |   in|   15|     ap_none|                                                              data_14_val|        scalar|
|data_15_val   |   in|   15|     ap_none|                                                              data_15_val|        scalar|
+--------------+-----+-----+------------+-------------------------------------------------------------------------+--------------+

